ARM Linker, 5.03 [Build 24] [MDK-ARM Professional]

==============================================================================

Section Cross References

    stm32f10x_it.o(.text) refers to stm32f10x_adc.o(.text) for ADC_GetConversionValue
    stm32f10x_it.o(.text) refers to stm32f10x_it.o(.data) for ADC2ConvertedValue
    system_stm32f10x.o(.text) refers to system_stm32f10x.o(.data) for SystemCoreClock
    startup_stm32f10x_hd.o(STACK) refers (Special) to heapauxi.o(.text) for __use_two_region_memory
    startup_stm32f10x_hd.o(HEAP) refers (Special) to heapauxi.o(.text) for __use_two_region_memory
    startup_stm32f10x_hd.o(RESET) refers (Special) to heapauxi.o(.text) for __use_two_region_memory
    startup_stm32f10x_hd.o(RESET) refers to startup_stm32f10x_hd.o(STACK) for __initial_sp
    startup_stm32f10x_hd.o(RESET) refers to startup_stm32f10x_hd.o(.text) for Reset_Handler
    startup_stm32f10x_hd.o(RESET) refers to stm32f10x_it.o(.text) for NMI_Handler
    startup_stm32f10x_hd.o(RESET) refers to delay.o(.text) for SysTick_Handler
    startup_stm32f10x_hd.o(RESET) refers to interrupt.o(.text) for USB_LP_CAN1_RX0_IRQHandler
    startup_stm32f10x_hd.o(.text) refers (Special) to heapauxi.o(.text) for __use_two_region_memory
    startup_stm32f10x_hd.o(.text) refers to system_stm32f10x.o(.text) for SystemInit
    startup_stm32f10x_hd.o(.text) refers to __main.o(!!!main) for __main
    startup_stm32f10x_hd.o(.text) refers to startup_stm32f10x_hd.o(HEAP) for Heap_Mem
    startup_stm32f10x_hd.o(.text) refers to startup_stm32f10x_hd.o(STACK) for Stack_Mem
    ad.o(.text) refers to stm32f10x_adc.o(.text) for ADC_RegularChannelConfig
    ad.o(.text) refers to ad.o(.data) for AD_Buffer4
    commander.o(.text) refers (Special) to use_no_semi_2.o(.text) for __use_no_semihosting
    commander.o(.text) refers to _printf_percent.o(.ARM.Collect$$_printf_percent$$00000000) for _printf_percent
    commander.o(.text) refers to _printf_f.o(.ARM.Collect$$_printf_percent$$00000003) for _printf_f
    commander.o(.text) refers to printf1.o(x$fpl$printf1) for _printf_fp_dec
    commander.o(.text) refers to _printf_d.o(.ARM.Collect$$_printf_percent$$00000009) for _printf_d
    commander.o(.text) refers to _printf_dec.o(.text) for _printf_int_dec
    commander.o(.text) refers to ad.o(.text) for AD_Filter
    commander.o(.text) refers to dflt_clz.o(x$fpl$dfltu) for __aeabi_ui2d
    commander.o(.text) refers to ddiv.o(x$fpl$ddiv) for __aeabi_ddiv
    commander.o(.text) refers to d2f.o(x$fpl$d2f) for __aeabi_d2f
    commander.o(.text) refers to stm32f10x_gpio.o(.text) for GPIO_ResetBits
    commander.o(.text) refers to commander.o(.data) for use_art
    commander.o(.text) refers to commander.o(.bss) for steering_current_data_f
    commander.o(.text) refers to dflt_clz.o(x$fpl$dflt) for __aeabi_i2d
    commander.o(.text) refers to dmul.o(x$fpl$dmul) for __aeabi_dmul
    commander.o(.text) refers to fflt_clz.o(x$fpl$fflt) for __aeabi_i2f
    commander.o(.text) refers to stm32f10x_usart.o(.text) for USART_SendData
    commander.o(.text) refers to interrupt.o(.bss) for USART2_MESSAGE
    commander.o(.text) refers to fflt_clz.o(x$fpl$ffltu) for __aeabi_ui2f
    commander.o(.text) refers to f2d.o(x$fpl$f2d) for __aeabi_f2d
    commander.o(.text) refers to noretval__2printf.o(.text) for __2printf
    commander.o(.text) refers to stm32f10x_tim.o(.text) for TIM_SetCompare4
    commander.o(.text) refers to fdiv.o(x$fpl$fdiv) for __aeabi_fdiv
    commander.o(.text) refers to fmul.o(x$fpl$fmul) for __aeabi_fmul
    commander.o(.text) refers to daddsub_clz.o(x$fpl$dadd) for __aeabi_dadd
    commander.o(.text) refers to faddsub_clz.o(x$fpl$frsb) for __aeabi_frsub
    commander.o(.text) refers to dleqf.o(x$fpl$dleqf) for __aeabi_cdcmple
    commander.o(.text) refers to delay.o(.bss) for TIME_FLAG
    commander.o(.text) refers to can.o(.data) for Can_Msg_Receive
    commander.o(.text) refers to can.o(.bss) for buf
    commander.o(.text) refers to ffixu.o(x$fpl$ffixu) for __aeabi_f2uiz
    commander.o(.text) refers to spi.o(.text) for send_data_USART2
    commander.o(.text) refers to rt_memclr_w.o(.text) for __aeabi_memclr4
    commander.o(.text) refers to flash_rw.o(.text) for ReadFlashNBtye
    commander.o(.text) refers to daddsub_clz.o(x$fpl$dsub) for __aeabi_dsub
    commander.o(.text) refers to drleqf.o(x$fpl$drleqf) for __aeabi_cdrcmple
    commander.o(.text) refers to mpu_data.o(.text) for Radar_Center_Data_Send
    commander.o(.text) refers to imu_srckf.o(.text) for Ckf_main
    commander.o(.text) refers to acc_calibration.o(.text) for acc_calc
    commander.o(.text) refers to mpu_data.o(.bss) for gyro_scale_zero
    commander.o(.text) refers to spi.o(.bss) for mpu_value_f
    commander.o(.text) refers to imu_srckf.o(.bss) for fRPY
    commander.o(.text) refers to mpu_data.o(.data) for Rool
    commander.o(.text) refers to acc_calibration.o(.bss) for m_result
    commander.o(.text) refers to ffix.o(x$fpl$ffix) for __aeabi_f2iz
[...]
    Get_Oa_Data                              0x08001a4b   Thumb Code    34  commander.o(.text)
    Data_Parser                              0x08001a6d   Thumb Code   290  commander.o(.text)
    send_fre                                 0x08001b8f   Thumb Code   372  commander.o(.text)
    flash_read                               0x08001d03   Thumb Code   790  commander.o(.text)
    Run_command                              0x08002019   Thumb Code   548  commander.o(.text)
    SysTick_Handler                          0x08002259   Thumb Code   282  delay.o(.text)
    micros                                   0x08002373   Thumb Code    52  delay.o(.text)
    millis                                   0x080023a7   Thumb Code     6  delay.o(.text)
    cycleCounterInit                         0x080023ad   Thumb Code    50  delay.o(.text)
    delayMicroseconds                        0x080023df   Thumb Code    60  delay.o(.text)
    Get_Ms                                   0x0800241b   Thumb Code    12  delay.o(.text)
    delay                                    0x08002427   Thumb Code    24  delay.o(.text)
    delay_nor                                0x0800243f   Thumb Code    30  delay.o(.text)
    IWDG_Init                                0x08002c21   Thumb Code    36  init.o(.text)
    IWDG_Feed                                0x08002c45   Thumb Code     8  init.o(.text)
    Init_All                                 0x08002d6b   Thumb Code   210  init.o(.text)
    USART1_IRQHandler                        0x08002e51   Thumb Code   346  interrupt.o(.text)
    USART2_IRQHandler                        0x08002fab   Thumb Code   378  interrupt.o(.text)
    USART3_IRQHandler                        0x08003125   Thumb Code   434  interrupt.o(.text)
    UART4_IRQHandler                         0x080032d7   Thumb Code   742  interrupt.o(.text)
    UART5_IRQHandler                         0x080035bd   Thumb Code   260  interrupt.o(.text)
    USB_LP_CAN1_RX0_IRQHandler               0x080036c1   Thumb Code   110  interrupt.o(.text)
    TIM2_IRQHandler                          0x0800372f   Thumb Code   530  interrupt.o(.text)
    TIM4_IRQHandler                          0x08003941   Thumb Code  1096  interrupt.o(.text)
    main                                     0x08003da9   Thumb Code   276  main.o(.text)
    ReadFlashNBtye                           0x08003f05   Thumb Code    26  flash_rw.o(.text)
    WriteFlashOneWord                        0x08003f1f   Thumb Code   190  flash_rw.o(.text)
    int_second_order_low_pass                0x08003fe5   Thumb Code    94  mpu_data.o(.text)
    update_second_order_low_pass             0x08004043   Thumb Code    66  mpu_data.o(.text)
    Get_Gyro_Value                           0x08004085   Thumb Code    52  mpu_data.o(.text)
    Gyro_Calibration                         0x080040b9   Thumb Code   372  mpu_data.o(.text)
    mpu_mag_read                             0x0800422d   Thumb Code     8  mpu_data.o(.text)
    mpu_9250_read                            0x08004235   Thumb Code    12  mpu_data.o(.text)
    IMUupdate1                               0x08004241   Thumb Code  1682  mpu_data.o(.text)
    IMUupdate                                0x080048d3   Thumb Code  2870  mpu_data.o(.text)
    Radar_Center_Data_Send                   0x08005409   Thumb Code   456  mpu_data.o(.text)
    mpu_9250_handing                         0x080055d1   Thumb Code    56  mpu_data.o(.text)
    MPU9250_Write_Reg                        0x080056ab   Thumb Code    44  spi.o(.text)
    MPU9250_Read_Reg                         0x080056d7   Thumb Code    44  spi.o(.text)
    Init_MPU9250                             0x0800575b   Thumb Code   510  spi.o(.text)
    Init_MPU9250_Moving_Mode                 0x08005959   Thumb Code    52  spi.o(.text)
    send_data                                0x0800598d   Thumb Code    26  spi.o(.text)
    send_data_USART2                         0x080059a7   Thumb Code    26  spi.o(.text)
    ahrs_send                                0x080059c1   Thumb Code   130  spi.o(.text)
    READ_MPU9250_ACCEL                       0x08005a43   Thumb Code   368  spi.o(.text)
    READ_MPU9250_GYRO                        0x08005bb3   Thumb Code   314  spi.o(.text)
    READ_MPU9250_MAG                         0x08005ced   Thumb Code   532  spi.o(.text)
    Abs                                      0x08005f09   Thumb Code    36  acc_calibration.o(.text)
    Equal                                    0x08005f2d   Thumb Code    52  acc_calibration.o(.text)
    ResetMatrix                              0x08005f61   Thumb Code    48  acc_calibration.o(.text)
    CalcData_Input                           0x08005f91   Thumb Code   196  acc_calibration.o(.text)
    SwapRow                                  0x08006055   Thumb Code    74  acc_calibration.o(.text)
    MoveBiggestElement2Top                   0x0800609f   Thumb Code    90  acc_calibration.o(.text)
    DispMatrix                               0x080060f9   Thumb Code    30  acc_calibration.o(.text)
    Matrix_GaussElimination                  0x08006117   Thumb Code   252  acc_calibration.o(.text)
    Matrix_RowSimplify                       0x08006213   Thumb Code   356  acc_calibration.o(.text)
    Matrix_Solve                             0x08006377   Thumb Code   272  acc_calibration.o(.text)
    dis_play                                 0x08006487   Thumb Code    96  acc_calibration.o(.text)
    Calc_Process                             0x080064e7   Thumb Code  2368  acc_calibration.o(.text)
    acc_calc                                 0x08006e27   Thumb Code    16  acc_calibration.o(.text)
    Modf                                     0x08006e51   Thumb Code   108  fastmath.o(.text)
    FastPow                                  0x08006ebd   Thumb Code   932  fastmath.o(.text)
    FastTan                                  0x08007261   Thumb Code   420  fastmath.o(.text)
    FastLn                                   0x08007405   Thumb Code   306  fastmath.o(.text)
    FastSqrtI                                0x08007537   Thumb Code    62  fastmath.o(.text)
    FastSqrt                                 0x08007575   Thumb Code    20  fastmath.o(.text)
    FastAsin                                 0x08007589   Thumb Code   294  fastmath.o(.text)
    FastAtan2                                0x080076af   Thumb Code   496  fastmath.o(.text)
    FastSinCos                               0x0800789f   Thumb Code   502  fastmath.o(.text)
    FastSin                                  0x08007a95   Thumb Code   152  fastmath.o(.text)
    FastCos                                  0x08007b2d   Thumb Code   220  fastmath.o(.text)
    FastSqrtID                               0x08007c09   Thumb Code   178  fastmath.o(.text)
    FastSqrtD                                0x08007cbb   Thumb Code   196  fastmath.o(.text)
    Ckf_main                                 0x08007d95   Thumb Code   516  imu_srckf.o(.text)
    EKF_IMUInit                              0x08007fed   Thumb Code   550  miniimu.o(.text)
    EKF_IMUUpdate                            0x08008213   Thumb Code  1418  miniimu.o(.text)
    EKF_IMUGetAngle                          0x0800879d   Thumb Code   456  miniimu.o(.text)
    EKF_IMUGetQ                              0x08008965   Thumb Code    26  miniimu.o(.text)
    Matrix_Zero                              0x080089a5   Thumb Code    50  minimatrix.o(.text)
    Matrix_Copy                              0x080089d7   Thumb Code    68  minimatrix.o(.text)
    Maxtrix_Add                              0x08008a1b   Thumb Code   168  minimatrix.o(.text)
    Maxtrix_Sub                              0x08008ac3   Thumb Code   168  minimatrix.o(.text)
    Matrix_Multiply                          0x08008b6b   Thumb Code   322  minimatrix.o(.text)
    Matrix_Multiply_With_Transpose           0x08008cad   Thumb Code   102  minimatrix.o(.text)
    Maxtrix_Transpose                        0x08008d13   Thumb Code   144  minimatrix.o(.text)
    Matrix_Inverse                           0x08008da3   Thumb Code   686  minimatrix.o(.text)
    NVIC_PriorityGroupConfig                 0x08009051   Thumb Code    10  misc.o(.text)
    NVIC_Init                                0x0800905b   Thumb Code   102  misc.o(.text)
    NVIC_SetVectorTable                      0x080090c1   Thumb Code    14  misc.o(.text)
    NVIC_SystemLPConfig                      0x080090cf   Thumb Code    34  misc.o(.text)
    SysTick_CLKSourceConfig                  0x080090f1   Thumb Code    40  misc.o(.text)
    ADC_DeInit                               0x0800912d   Thumb Code    78  stm32f10x_adc.o(.text)
    ADC_Init                                 0x0800917b   Thumb Code    70  stm32f10x_adc.o(.text)
    ADC_StructInit                           0x080091c1   Thumb Code    18  stm32f10x_adc.o(.text)
    ADC_Cmd                                  0x080091d3   Thumb Code    22  stm32f10x_adc.o(.text)
    ADC_DMACmd                               0x080091e9   Thumb Code    22  stm32f10x_adc.o(.text)
    ADC_ITConfig                             0x080091ff   Thumb Code    24  stm32f10x_adc.o(.text)
    ADC_ResetCalibration                     0x08009217   Thumb Code    10  stm32f10x_adc.o(.text)
    ADC_GetResetCalibrationStatus            0x08009221   Thumb Code    20  stm32f10x_adc.o(.text)
    ADC_StartCalibration                     0x08009235   Thumb Code    10  stm32f10x_adc.o(.text)
    ADC_GetCalibrationStatus                 0x0800923f   Thumb Code    20  stm32f10x_adc.o(.text)
    ADC_SoftwareStartConvCmd                 0x08009253   Thumb Code    22  stm32f10x_adc.o(.text)
    ADC_GetSoftwareStartConvStatus           0x08009269   Thumb Code    20  stm32f10x_adc.o(.text)
    ADC_DiscModeChannelCountConfig           0x0800927d   Thumb Code    24  stm32f10x_adc.o(.text)
    ADC_DiscModeCmd                          0x08009295   Thumb Code    22  stm32f10x_adc.o(.text)
    ADC_RegularChannelConfig                 0x080092ab   Thumb Code   184  stm32f10x_adc.o(.text)
    ADC_ExternalTrigConvCmd                  0x08009363   Thumb Code    22  stm32f10x_adc.o(.text)
    ADC_GetConversionValue                   0x08009379   Thumb Code     8  stm32f10x_adc.o(.text)
    ADC_GetDualModeConversionValue           0x08009381   Thumb Code     8  stm32f10x_adc.o(.text)
    ADC_AutoInjectedConvCmd                  0x08009389   Thumb Code    22  stm32f10x_adc.o(.text)
    ADC_InjectedDiscModeCmd                  0x0800939f   Thumb Code    22  stm32f10x_adc.o(.text)
    ADC_ExternalTrigInjectedConvConfig       0x080093b5   Thumb Code    16  stm32f10x_adc.o(.text)
    ADC_ExternalTrigInjectedConvCmd          0x080093c5   Thumb Code    22  stm32f10x_adc.o(.text)
    ADC_SoftwareStartInjectedConvCmd         0x080093db   Thumb Code    22  stm32f10x_adc.o(.text)
    ADC_GetSoftwareStartInjectedConvCmdStatus 0x080093f1   Thumb Code    20  stm32f10x_adc.o(.text)
    ADC_InjectedChannelConfig                0x08009405   Thumb Code   130  stm32f10x_adc.o(.text)
    ADC_InjectedSequencerLengthConfig        0x08009487   Thumb Code    24  stm32f10x_adc.o(.text)
    ADC_SetInjectedOffset                    0x0800949f   Thumb Code    20  stm32f10x_adc.o(.text)
    ADC_GetInjectedConversionValue           0x080094b3   Thumb Code    28  stm32f10x_adc.o(.text)
    ADC_AnalogWatchdogCmd                    0x080094cf   Thumb Code    16  stm32f10x_adc.o(.text)
    ADC_AnalogWatchdogThresholdsConfig       0x080094df   Thumb Code     6  stm32f10x_adc.o(.text)
    ADC_AnalogWatchdogSingleChannelConfig    0x080094e5   Thumb Code    16  stm32f10x_adc.o(.text)
    ADC_TempSensorVrefintCmd                 0x080094f5   Thumb Code    64  stm32f10x_adc.o(.text)
    ADC_GetFlagStatus                        0x08009535   Thumb Code    18  stm32f10x_adc.o(.text)
    ADC_ClearFlag                            0x08009547   Thumb Code     6  stm32f10x_adc.o(.text)
    ADC_GetITStatus                          0x0800954d   Thumb Code    36  stm32f10x_adc.o(.text)
    ADC_ClearITPendingBit                    0x08009571   Thumb Code    10  stm32f10x_adc.o(.text)
    CAN_DeInit                               0x0800957d   Thumb Code    50  stm32f10x_can.o(.text)
    CAN_Init                                 0x080095af   Thumb Code   276  stm32f10x_can.o(.text)
    CAN_FilterInit                           0x080096c3   Thumb Code   258  stm32f10x_can.o(.text)
    CAN_StructInit                           0x080097c5   Thumb Code    32  stm32f10x_can.o(.text)
    CAN_SlaveStartBank                       0x080097e5   Thumb Code    48  stm32f10x_can.o(.text)
    CAN_DBGFreeze                            0x08009815   Thumb Code    22  stm32f10x_can.o(.text)
    CAN_TTComModeCmd                         0x0800982b   Thumb Code   118  stm32f10x_can.o(.text)
    CAN_Transmit                             0x080098a1   Thumb Code   304  stm32f10x_can.o(.text)
    CAN_TransmitStatus                       0x080099d1   Thumb Code   136  stm32f10x_can.o(.text)
    CAN_CancelTransmit                       0x08009a59   Thumb Code    48  stm32f10x_can.o(.text)
    CAN_Receive                              0x08009a89   Thumb Code   240  stm32f10x_can.o(.text)
    CAN_FIFORelease                          0x08009b79   Thumb Code    22  stm32f10x_can.o(.text)
    CAN_MessagePending                       0x08009b8f   Thumb Code    30  stm32f10x_can.o(.text)
    CAN_OperatingModeRequest                 0x08009bad   Thumb Code   162  stm32f10x_can.o(.text)
    CAN_Sleep                                0x08009c4f   Thumb Code    30  stm32f10x_can.o(.text)
    CAN_WakeUp                               0x08009c6d   Thumb Code    48  stm32f10x_can.o(.text)
    CAN_GetLastErrorCode                     0x08009c9d   Thumb Code    12  stm32f10x_can.o(.text)
    CAN_GetReceiveErrorCounter               0x08009ca9   Thumb Code    10  stm32f10x_can.o(.text)
    CAN_GetLSBTransmitErrorCounter           0x08009cb3   Thumb Code    12  stm32f10x_can.o(.text)
    CAN_ITConfig                             0x08009cbf   Thumb Code    18  stm32f10x_can.o(.text)
    CAN_GetFlagStatus                        0x08009cd1   Thumb Code   120  stm32f10x_can.o(.text)
    CAN_ClearFlag                            0x08009d49   Thumb Code    52  stm32f10x_can.o(.text)
    CAN_GetITStatus                          0x08009d8d   Thumb Code   306  stm32f10x_can.o(.text)
    CAN_ClearITPendingBit                    0x08009ebf   Thumb Code   162  stm32f10x_can.o(.text)
    FLASH_SetLatency                         0x08009f65   Thumb Code    18  stm32f10x_flash.o(.text)
    FLASH_HalfCycleAccessCmd                 0x08009f77   Thumb Code    22  stm32f10x_flash.o(.text)
    FLASH_PrefetchBufferCmd                  0x08009f8d   Thumb Code    22  stm32f10x_flash.o(.text)
    FLASH_Unlock                             0x08009fa3   Thumb Code    12  stm32f10x_flash.o(.text)
    FLASH_UnlockBank1                        0x08009faf   Thumb Code    12  stm32f10x_flash.o(.text)
    FLASH_Lock                               0x08009fbb   Thumb Code    14  stm32f10x_flash.o(.text)
    FLASH_LockBank1                          0x08009fc9   Thumb Code    14  stm32f10x_flash.o(.text)
    FLASH_GetBank1Status                     0x08009fd7   Thumb Code    48  stm32f10x_flash.o(.text)
    FLASH_WaitForLastOperation               0x0800a007   Thumb Code    38  stm32f10x_flash.o(.text)
    FLASH_ErasePage                          0x0800a02d   Thumb Code    72  stm32f10x_flash.o(.text)
    FLASH_EraseAllPages                      0x0800a075   Thumb Code    68  stm32f10x_flash.o(.text)
    FLASH_WaitForLastBank1Operation          0x0800a0b9   Thumb Code    38  stm32f10x_flash.o(.text)
    FLASH_EraseAllBank1Pages                 0x0800a0df   Thumb Code    68  stm32f10x_flash.o(.text)
    FLASH_GetReadOutProtectionStatus         0x0800a123   Thumb Code    20  stm32f10x_flash.o(.text)
    FLASH_EraseOptionBytes                   0x0800a137   Thumb Code   150  stm32f10x_flash.o(.text)
    FLASH_ProgramWord                        0x0800a1cd   Thumb Code   102  stm32f10x_flash.o(.text)
    FLASH_ProgramHalfWord                    0x0800a233   Thumb Code    60  stm32f10x_flash.o(.text)
    FLASH_ProgramOptionByteData              0x0800a26f   Thumb Code    72  stm32f10x_flash.o(.text)
    FLASH_EnableWriteProtection              0x0800a2b7   Thumb Code   200  stm32f10x_flash.o(.text)
    FLASH_ReadOutProtection                  0x0800a37f   Thumb Code   156  stm32f10x_flash.o(.text)
    FLASH_UserOptionByteConfig               0x0800a41b   Thumb Code    88  stm32f10x_flash.o(.text)
    FLASH_GetUserOptionByte                  0x0800a473   Thumb Code     8  stm32f10x_flash.o(.text)
    FLASH_GetWriteProtectionOptionByte       0x0800a47b   Thumb Code     6  stm32f10x_flash.o(.text)
    FLASH_GetPrefetchBufferStatus            0x0800a481   Thumb Code    20  stm32f10x_flash.o(.text)
    FLASH_ITConfig                           0x0800a495   Thumb Code    26  stm32f10x_flash.o(.text)
    FLASH_GetFlagStatus                      0x0800a4af   Thumb Code    42  stm32f10x_flash.o(.text)
    FLASH_ClearFlag                          0x0800a4d9   Thumb Code     6  stm32f10x_flash.o(.text)
    FLASH_GetStatus                          0x0800a4df   Thumb Code    48  stm32f10x_flash.o(.text)
    GPIO_DeInit                              0x0800a521   Thumb Code   172  stm32f10x_gpio.o(.text)
    GPIO_AFIODeInit                          0x0800a5cd   Thumb Code    20  stm32f10x_gpio.o(.text)
    GPIO_Init                                0x0800a5e1   Thumb Code   274  stm32f10x_gpio.o(.text)
    GPIO_StructInit                          0x0800a6f3   Thumb Code    16  stm32f10x_gpio.o(.text)
    GPIO_ReadInputDataBit                    0x0800a703   Thumb Code    18  stm32f10x_gpio.o(.text)
    GPIO_ReadInputData                       0x0800a715   Thumb Code     8  stm32f10x_gpio.o(.text)
    GPIO_ReadOutputDataBit                   0x0800a71d   Thumb Code    18  stm32f10x_gpio.o(.text)
    GPIO_ReadOutputData                      0x0800a72f   Thumb Code     8  stm32f10x_gpio.o(.text)
    GPIO_SetBits                             0x0800a737   Thumb Code     4  stm32f10x_gpio.o(.text)
    GPIO_ResetBits                           0x0800a73b   Thumb Code     4  stm32f10x_gpio.o(.text)
    GPIO_WriteBit                            0x0800a73f   Thumb Code    10  stm32f10x_gpio.o(.text)
    GPIO_Write                               0x0800a749   Thumb Code     4  stm32f10x_gpio.o(.text)
    GPIO_PinLockConfig                       0x0800a74d   Thumb Code    18  stm32f10x_gpio.o(.text)
    GPIO_EventOutputConfig                   0x0800a75f   Thumb Code    26  stm32f10x_gpio.o(.text)
    GPIO_EventOutputCmd                      0x0800a779   Thumb Code     6  stm32f10x_gpio.o(.text)
    GPIO_PinRemapConfig                      0x0800a77f   Thumb Code   138  stm32f10x_gpio.o(.text)
    GPIO_EXTILineConfig                      0x0800a809   Thumb Code    66  stm32f10x_gpio.o(.text)
    GPIO_ETH_MediaInterfaceConfig            0x0800a84b   Thumb Code     6  stm32f10x_gpio.o(.text)
    IWDG_WriteAccessCmd                      0x0800a879   Thumb Code     6  stm32f10x_iwdg.o(.text)
    IWDG_SetPrescaler                        0x0800a87f   Thumb Code     6  stm32f10x_iwdg.o(.text)
    IWDG_SetReload                           0x0800a885   Thumb Code     6  stm32f10x_iwdg.o(.text)
    IWDG_ReloadCounter                       0x0800a88b   Thumb Code    10  stm32f10x_iwdg.o(.text)
    IWDG_Enable                              0x0800a895   Thumb Code    10  stm32f10x_iwdg.o(.text)
    IWDG_GetFlagStatus                       0x0800a89f   Thumb Code    20  stm32f10x_iwdg.o(.text)
    RCC_DeInit                               0x0800a8b9   Thumb Code    64  stm32f10x_rcc.o(.text)
    RCC_HSEConfig                            0x0800a8f9   Thumb Code    70  stm32f10x_rcc.o(.text)
    RCC_GetFlagStatus                        0x0800a93f   Thumb Code    56  stm32f10x_rcc.o(.text)
    RCC_WaitForHSEStartUp                    0x0800a977   Thumb Code    56  stm32f10x_rcc.o(.text)
    RCC_AdjustHSICalibrationValue            0x0800a9af   Thumb Code    20  stm32f10x_rcc.o(.text)
    RCC_HSICmd                               0x0800a9c3   Thumb Code     6  stm32f10x_rcc.o(.text)
    RCC_PLLConfig                            0x0800a9c9   Thumb Code    24  stm32f10x_rcc.o(.text)
    RCC_PLLCmd                               0x0800a9e1   Thumb Code     6  stm32f10x_rcc.o(.text)
    RCC_SYSCLKConfig                         0x0800a9e7   Thumb Code    18  stm32f10x_rcc.o(.text)
    RCC_GetSYSCLKSource                      0x0800a9f9   Thumb Code    10  stm32f10x_rcc.o(.text)
    RCC_HCLKConfig                           0x0800aa03   Thumb Code    18  stm32f10x_rcc.o(.text)
    RCC_PCLK1Config                          0x0800aa15   Thumb Code    18  stm32f10x_rcc.o(.text)
    RCC_PCLK2Config                          0x0800aa27   Thumb Code    20  stm32f10x_rcc.o(.text)
    RCC_ITConfig                             0x0800aa3b   Thumb Code    26  stm32f10x_rcc.o(.text)
    RCC_USBCLKConfig                         0x0800aa55   Thumb Code     6  stm32f10x_rcc.o(.text)
    RCC_ADCCLKConfig                         0x0800aa5b   Thumb Code    18  stm32f10x_rcc.o(.text)
    RCC_LSEConfig                            0x0800aa6d   Thumb Code    44  stm32f10x_rcc.o(.text)
    RCC_LSICmd                               0x0800aa99   Thumb Code     6  stm32f10x_rcc.o(.text)
    RCC_RTCCLKConfig                         0x0800aa9f   Thumb Code    12  stm32f10x_rcc.o(.text)
    RCC_RTCCLKCmd                            0x0800aaab   Thumb Code     8  stm32f10x_rcc.o(.text)
    RCC_GetClocksFreq                        0x0800aab3   Thumb Code   192  stm32f10x_rcc.o(.text)
    RCC_AHBPeriphClockCmd                    0x0800ab73   Thumb Code    26  stm32f10x_rcc.o(.text)
    RCC_APB2PeriphClockCmd                   0x0800ab8d   Thumb Code    26  stm32f10x_rcc.o(.text)
    RCC_APB1PeriphClockCmd                   0x0800aba7   Thumb Code    26  stm32f10x_rcc.o(.text)
    RCC_APB2PeriphResetCmd                   0x0800abc1   Thumb Code    26  stm32f10x_rcc.o(.text)
    RCC_APB1PeriphResetCmd                   0x0800abdb   Thumb Code    26  stm32f10x_rcc.o(.text)
    RCC_BackupResetCmd                       0x0800abf5   Thumb Code     8  stm32f10x_rcc.o(.text)
    RCC_ClockSecuritySystemCmd               0x0800abfd   Thumb Code     6  stm32f10x_rcc.o(.text)
    RCC_MCOConfig                            0x0800ac03   Thumb Code     6  stm32f10x_rcc.o(.text)
    RCC_ClearFlag                            0x0800ac09   Thumb Code    14  stm32f10x_rcc.o(.text)
    RCC_GetITStatus                          0x0800ac17   Thumb Code    20  stm32f10x_rcc.o(.text)
    RCC_ClearITPendingBit                    0x0800ac2b   Thumb Code     6  stm32f10x_rcc.o(.text)
    SPI_I2S_DeInit                           0x0800ac5d   Thumb Code    76  stm32f10x_spi.o(.text)
    SPI_Init                                 0x0800aca9   Thumb Code    60  stm32f10x_spi.o(.text)
    I2S_Init                                 0x0800ace5   Thumb Code   226  stm32f10x_spi.o(.text)
    SPI_StructInit                           0x0800adc7   Thumb Code    24  stm32f10x_spi.o(.text)
    I2S_StructInit                           0x0800addf   Thumb Code    20  stm32f10x_spi.o(.text)
    SPI_Cmd                                  0x0800adf3   Thumb Code    24  stm32f10x_spi.o(.text)
    I2S_Cmd                                  0x0800ae0b   Thumb Code    24  stm32f10x_spi.o(.text)
    SPI_I2S_ITConfig                         0x0800ae23   Thumb Code    32  stm32f10x_spi.o(.text)
    SPI_I2S_DMACmd                           0x0800ae43   Thumb Code    18  stm32f10x_spi.o(.text)
    SPI_I2S_SendData                         0x0800ae55   Thumb Code     4  stm32f10x_spi.o(.text)
    SPI_I2S_ReceiveData                      0x0800ae59   Thumb Code     6  stm32f10x_spi.o(.text)
    SPI_NSSInternalSoftwareConfig            0x0800ae5f   Thumb Code    30  stm32f10x_spi.o(.text)
    SPI_SSOutputCmd                          0x0800ae7d   Thumb Code    24  stm32f10x_spi.o(.text)
    SPI_DataSizeConfig                       0x0800ae95   Thumb Code    18  stm32f10x_spi.o(.text)
    SPI_TransmitCRC                          0x0800aea7   Thumb Code    10  stm32f10x_spi.o(.text)
    SPI_CalculateCRC                         0x0800aeb1   Thumb Code    24  stm32f10x_spi.o(.text)
    SPI_GetCRC                               0x0800aec9   Thumb Code    16  stm32f10x_spi.o(.text)
    SPI_GetCRCPolynomial                     0x0800aed9   Thumb Code     6  stm32f10x_spi.o(.text)
    SPI_BiDirectionalLineConfig              0x0800aedf   Thumb Code    28  stm32f10x_spi.o(.text)
    SPI_I2S_GetFlagStatus                    0x0800aefb   Thumb Code    18  stm32f10x_spi.o(.text)
    SPI_I2S_ClearFlag                        0x0800af0d   Thumb Code     6  stm32f10x_spi.o(.text)
    SPI_I2S_GetITStatus                      0x0800af13   Thumb Code    52  stm32f10x_spi.o(.text)
    SPI_I2S_ClearITPendingBit                0x0800af47   Thumb Code    20  stm32f10x_spi.o(.text)
    TIM_DeInit                               0x0800af69   Thumb Code   424  stm32f10x_tim.o(.text)
    TIM_TimeBaseInit                         0x0800b111   Thumb Code   122  stm32f10x_tim.o(.text)
    TIM_OC1Init                              0x0800b18b   Thumb Code   132  stm32f10x_tim.o(.text)
    TIM_OC2Init                              0x0800b20f   Thumb Code   154  stm32f10x_tim.o(.text)
    TIM_OC3Init                              0x0800b2a9   Thumb Code   150  stm32f10x_tim.o(.text)
    TIM_OC4Init                              0x0800b33f   Thumb Code   182  stm32f10x_tim.o(.text)
    TIM_SetIC4Prescaler                      0x0800b3f5   Thumb Code    26  stm32f10x_tim.o(.text)
    TIM_SetIC3Prescaler                      0x0800b491   Thumb Code    18  stm32f10x_tim.o(.text)
    TIM_SetIC2Prescaler                      0x0800b51d   Thumb Code    26  stm32f10x_tim.o(.text)
    TIM_SetIC1Prescaler                      0x0800b5b9   Thumb Code    18  stm32f10x_tim.o(.text)
    TIM_ICInit                               0x0800b637   Thumb Code   150  stm32f10x_tim.o(.text)
    TIM_PWMIConfig                           0x0800b6cd   Thumb Code   124  stm32f10x_tim.o(.text)
    TIM_BDTRConfig                           0x0800b749   Thumb Code    32  stm32f10x_tim.o(.text)
    TIM_TimeBaseStructInit                   0x0800b769   Thumb Code    18  stm32f10x_tim.o(.text)
    TIM_OCStructInit                         0x0800b77b   Thumb Code    20  stm32f10x_tim.o(.text)
    TIM_ICStructInit                         0x0800b78f   Thumb Code    18  stm32f10x_tim.o(.text)
    TIM_BDTRStructInit                       0x0800b7a1   Thumb Code    40  stm32f10x_tim.o(.text)
    TIM_Cmd                                  0x0800b7c9   Thumb Code    24  stm32f10x_tim.o(.text)
    TIM_CtrlPWMOutputs                       0x0800b7e1   Thumb Code    30  stm32f10x_tim.o(.text)
    TIM_ITConfig                             0x0800b7ff   Thumb Code    18  stm32f10x_tim.o(.text)
    TIM_GenerateEvent                        0x0800b811   Thumb Code     4  stm32f10x_tim.o(.text)
    TIM_DMAConfig                            0x0800b815   Thumb Code    10  stm32f10x_tim.o(.text)
    TIM_DMACmd                               0x0800b81f   Thumb Code    18  stm32f10x_tim.o(.text)
    TIM_InternalClockConfig                  0x0800b831   Thumb Code    12  stm32f10x_tim.o(.text)
    TIM_SelectInputTrigger                   0x0800b83d   Thumb Code    18  stm32f10x_tim.o(.text)
    TIM_ITRxExternalClockConfig              0x0800b84f   Thumb Code    24  stm32f10x_tim.o(.text)
    TIM_TIxExternalClockConfig               0x0800b867   Thumb Code    62  stm32f10x_tim.o(.text)
    TIM_ETRConfig                            0x0800b8a5   Thumb Code    28  stm32f10x_tim.o(.text)
    TIM_ETRClockMode1Config                  0x0800b8c1   Thumb Code    54  stm32f10x_tim.o(.text)
    TIM_ETRClockMode2Config                  0x0800b8f7   Thumb Code    32  stm32f10x_tim.o(.text)
    TIM_PrescalerConfig                      0x0800b917   Thumb Code     6  stm32f10x_tim.o(.text)
    TIM_CounterModeConfig                    0x0800b91d   Thumb Code    18  stm32f10x_tim.o(.text)
    TIM_EncoderInterfaceConfig               0x0800b92f   Thumb Code    66  stm32f10x_tim.o(.text)
    TIM_ForcedOC1Config                      0x0800b971   Thumb Code    18  stm32f10x_tim.o(.text)
    TIM_ForcedOC2Config                      0x0800b983   Thumb Code    26  stm32f10x_tim.o(.text)
    TIM_ForcedOC3Config                      0x0800b99d   Thumb Code    18  stm32f10x_tim.o(.text)
    TIM_ForcedOC4Config                      0x0800b9af   Thumb Code    26  stm32f10x_tim.o(.text)
    TIM_ARRPreloadConfig                     0x0800b9c9   Thumb Code    24  stm32f10x_tim.o(.text)
    TIM_SelectCOM                            0x0800b9e1   Thumb Code    24  stm32f10x_tim.o(.text)
    TIM_SelectCCDMA                          0x0800b9f9   Thumb Code    24  stm32f10x_tim.o(.text)
    TIM_CCPreloadControl                     0x0800ba11   Thumb Code    24  stm32f10x_tim.o(.text)
    TIM_OC1PreloadConfig                     0x0800ba29   Thumb Code    18  stm32f10x_tim.o(.text)
    TIM_OC2PreloadConfig                     0x0800ba3b   Thumb Code    26  stm32f10x_tim.o(.text)
    TIM_OC3PreloadConfig                     0x0800ba55   Thumb Code    18  stm32f10x_tim.o(.text)
    TIM_OC4PreloadConfig                     0x0800ba67   Thumb Code    26  stm32f10x_tim.o(.text)
    TIM_OC1FastConfig                        0x0800ba81   Thumb Code    18  stm32f10x_tim.o(.text)
    TIM_OC2FastConfig                        0x0800ba93   Thumb Code    26  stm32f10x_tim.o(.text)
    TIM_OC3FastConfig                        0x0800baad   Thumb Code    18  stm32f10x_tim.o(.text)
    TIM_OC4FastConfig                        0x0800babf   Thumb Code    26  stm32f10x_tim.o(.text)
    TIM_ClearOC1Ref                          0x0800bad9   Thumb Code    18  stm32f10x_tim.o(.text)
    TIM_ClearOC2Ref                          0x0800baeb   Thumb Code    24  stm32f10x_tim.o(.text)
    TIM_ClearOC3Ref                          0x0800bb03   Thumb Code    18  stm32f10x_tim.o(.text)
    TIM_ClearOC4Ref                          0x0800bb15   Thumb Code    24  stm32f10x_tim.o(.text)
    TIM_OC1PolarityConfig                    0x0800bb2d   Thumb Code    18  stm32f10x_tim.o(.text)
    TIM_OC1NPolarityConfig                   0x0800bb3f   Thumb Code    18  stm32f10x_tim.o(.text)
    TIM_OC2PolarityConfig                    0x0800bb51   Thumb Code    26  stm32f10x_tim.o(.text)
    TIM_OC2NPolarityConfig                   0x0800bb6b   Thumb Code    26  stm32f10x_tim.o(.text)
    TIM_OC3PolarityConfig                    0x0800bb85   Thumb Code    26  stm32f10x_tim.o(.text)
    TIM_OC3NPolarityConfig                   0x0800bb9f   Thumb Code    26  stm32f10x_tim.o(.text)
    TIM_OC4PolarityConfig                    0x0800bbb9   Thumb Code    26  stm32f10x_tim.o(.text)
    TIM_CCxCmd                               0x0800bbd3   Thumb Code    30  stm32f10x_tim.o(.text)
    TIM_CCxNCmd                              0x0800bbf1   Thumb Code    30  stm32f10x_tim.o(.text)
    TIM_SelectOCxM                           0x0800bc0f   Thumb Code    82  stm32f10x_tim.o(.text)
    TIM_UpdateDisableConfig                  0x0800bc61   Thumb Code    24  stm32f10x_tim.o(.text)
    TIM_UpdateRequestConfig                  0x0800bc79   Thumb Code    24  stm32f10x_tim.o(.text)
    TIM_SelectHallSensor                     0x0800bc91   Thumb Code    24  stm32f10x_tim.o(.text)
    TIM_SelectOnePulseMode                   0x0800bca9   Thumb Code    18  stm32f10x_tim.o(.text)
    TIM_SelectOutputTrigger                  0x0800bcbb   Thumb Code    18  stm32f10x_tim.o(.text)
    TIM_SelectSlaveMode                      0x0800bccd   Thumb Code    18  stm32f10x_tim.o(.text)
    TIM_SelectMasterSlaveMode                0x0800bcdf   Thumb Code    18  stm32f10x_tim.o(.text)
    TIM_SetCounter                           0x0800bcf1   Thumb Code     4  stm32f10x_tim.o(.text)
    TIM_SetAutoreload                        0x0800bcf5   Thumb Code     4  stm32f10x_tim.o(.text)
    TIM_SetCompare1                          0x0800bcf9   Thumb Code     4  stm32f10x_tim.o(.text)
    TIM_SetCompare2                          0x0800bcfd   Thumb Code     4  stm32f10x_tim.o(.text)
    TIM_SetCompare3                          0x0800bd01   Thumb Code     4  stm32f10x_tim.o(.text)
    TIM_SetCompare4                          0x0800bd05   Thumb Code     6  stm32f10x_tim.o(.text)
    TIM_SetClockDivision                     0x0800bd0b   Thumb Code    18  stm32f10x_tim.o(.text)
    TIM_GetCapture1                          0x0800bd1d   Thumb Code     6  stm32f10x_tim.o(.text)
    TIM_GetCapture2                          0x0800bd23   Thumb Code     6  stm32f10x_tim.o(.text)
    TIM_GetCapture3                          0x0800bd29   Thumb Code     6  stm32f10x_tim.o(.text)
    TIM_GetCapture4                          0x0800bd2f   Thumb Code     8  stm32f10x_tim.o(.text)
    TIM_GetCounter                           0x0800bd37   Thumb Code     6  stm32f10x_tim.o(.text)
    TIM_GetPrescaler                         0x0800bd3d   Thumb Code     6  stm32f10x_tim.o(.text)
    TIM_GetFlagStatus                        0x0800bd43   Thumb Code    18  stm32f10x_tim.o(.text)
    TIM_ClearFlag                            0x0800bd55   Thumb Code     6  stm32f10x_tim.o(.text)
    TIM_GetITStatus                          0x0800bd5b   Thumb Code    34  stm32f10x_tim.o(.text)
    TIM_ClearITPendingBit                    0x0800bd7d   Thumb Code     6  stm32f10x_tim.o(.text)
    USART_DeInit                             0x0800bd85   Thumb Code   134  stm32f10x_usart.o(.text)
    USART_Init                               0x0800be0b   Thumb Code   210  stm32f10x_usart.o(.text)
    USART_StructInit                         0x0800bedd   Thumb Code    24  stm32f10x_usart.o(.text)
    USART_ClockInit                          0x0800bef5   Thumb Code    34  stm32f10x_usart.o(.text)
    USART_ClockStructInit                    0x0800bf17   Thumb Code    12  stm32f10x_usart.o(.text)
    USART_Cmd                                0x0800bf23   Thumb Code    24  stm32f10x_usart.o(.text)
    USART_ITConfig                           0x0800bf3b   Thumb Code    74  stm32f10x_usart.o(.text)
    USART_DMACmd                             0x0800bf85   Thumb Code    18  stm32f10x_usart.o(.text)
    USART_SetAddress                         0x0800bf97   Thumb Code    18  stm32f10x_usart.o(.text)
    USART_WakeUpConfig                       0x0800bfa9   Thumb Code    18  stm32f10x_usart.o(.text)
    USART_ReceiverWakeUpCmd                  0x0800bfbb   Thumb Code    24  stm32f10x_usart.o(.text)
    USART_LINBreakDetectLengthConfig         0x0800bfd3   Thumb Code    18  stm32f10x_usart.o(.text)
    USART_LINCmd                             0x0800bfe5   Thumb Code    24  stm32f10x_usart.o(.text)
    USART_SendData                           0x0800bffd   Thumb Code     8  stm32f10x_usart.o(.text)
    USART_ReceiveData                        0x0800c005   Thumb Code    10  stm32f10x_usart.o(.text)
    USART_SendBreak                          0x0800c00f   Thumb Code    10  stm32f10x_usart.o(.text)
    USART_SetGuardTime                       0x0800c019   Thumb Code    16  stm32f10x_usart.o(.text)
    USART_SetPrescaler                       0x0800c029   Thumb Code    16  stm32f10x_usart.o(.text)
    USART_SmartCardCmd                       0x0800c039   Thumb Code    24  stm32f10x_usart.o(.text)
    USART_SmartCardNACKCmd                   0x0800c051   Thumb Code    24  stm32f10x_usart.o(.text)
    USART_HalfDuplexCmd                      0x0800c069   Thumb Code    24  stm32f10x_usart.o(.text)
    USART_OverSampling8Cmd                   0x0800c081   Thumb Code    22  stm32f10x_usart.o(.text)
    USART_OneBitMethodCmd                    0x0800c097   Thumb Code    24  stm32f10x_usart.o(.text)
    USART_IrDAConfig                         0x0800c0af   Thumb Code    18  stm32f10x_usart.o(.text)
    USART_IrDACmd                            0x0800c0c1   Thumb Code    24  stm32f10x_usart.o(.text)
    USART_GetFlagStatus                      0x0800c0d9   Thumb Code    26  stm32f10x_usart.o(.text)
    USART_ClearFlag                          0x0800c0f3   Thumb Code    18  stm32f10x_usart.o(.text)
    USART_GetITStatus                        0x0800c105   Thumb Code    84  stm32f10x_usart.o(.text)
    USART_ClearITPendingBit                  0x0800c159   Thumb Code    52  stm32f10x_usart.o(.text)
    __use_no_semihosting                     0x0800c18d   Thumb Code     2  use_no_semi_2.o(.text)
    __2printf                                0x0800c191   Thumb Code    20  noretval__2printf.o(.text)
    __printf                                 0x0800c1a9   Thumb Code   104  __printf.o(.text)
    _printf_int_dec                          0x0800c211   Thumb Code   102  _printf_dec.o(.text)
    __aeabi_memclr                           0x0800c289   Thumb Code     0  rt_memclr.o(.text)
    __rt_memclr                              0x0800c289   Thumb Code    68  rt_memclr.o(.text)
    _memset                                  0x0800c28d   Thumb Code     0  rt_memclr.o(.text)
    __aeabi_memclr4                          0x0800c2cd   Thumb Code     0  rt_memclr_w.o(.text)
    __aeabi_memclr8                          0x0800c2cd   Thumb Code     0  rt_memclr_w.o(.text)
    __rt_memclr_w                            0x0800c2cd   Thumb Code    78  rt_memclr_w.o(.text)
    _memset_w                                0x0800c2d1   Thumb Code     0  rt_memclr_w.o(.text)
    __use_two_region_memory                  0x0800c31b   Thumb Code     2  heapauxi.o(.text)
    __rt_heap_escrow$2region                 0x0800c31d   Thumb Code     2  heapauxi.o(.text)
    __rt_heap_expand$2region                 0x0800c31f   Thumb Code     2  heapauxi.o(.text)
    __I$use$semihosting                      0x0800c321   Thumb Code     0  use_no_semi.o(.text)
    __use_no_semihosting_swi                 0x0800c321   Thumb Code     2  use_no_semi.o(.text)
    __read_errno                             0x0800c323   Thumb Code    10  _rserrno.o(.text)
    __set_errno                              0x0800c32d   Thumb Code    12  _rserrno.o(.text)
    _printf_int_common                       0x0800c339   Thumb Code   184  _printf_intcommon.o(.text)
    __lib_sel_fp_printf                      0x0800c3f1   Thumb Code     2  _printf_fp_dec.o(.text)
    _printf_fp_dec_real                      0x0800c59d   Thumb Code   628  _printf_fp_dec.o(.text)
    _printf_char_file                        0x0800c811   Thumb Code    32  _printf_char_file.o(.text)
    __rt_locale                              0x0800c835   Thumb Code     8  rt_locale_intlibspace.o(.text)
    __aeabi_errno_addr                       0x0800c83d   Thumb Code     8  rt_errno_addr_intlibspace.o(.text)
    __errno$intlibspace                      0x0800c83d   Thumb Code     0  rt_errno_addr_intlibspace.o(.text)
    __rt_errno_addr$intlibspace              0x0800c83d   Thumb Code     0  rt_errno_addr_intlibspace.o(.text)
    _ll_udiv10                               0x0800c845   Thumb Code   138  lludiv10.o(.text)
    _printf_char_common                      0x0800c8db   Thumb Code    32  _printf_char_common.o(.text)
    _printf_fp_infnan                        0x0800c901   Thumb Code   112  _printf_fp_infnan.o(.text)
    _btod_etento                             0x0800c981   Thumb Code   222  bigflt0.o(.text)
    ferror                                   0x0800ca65   Thumb Code     8  ferror.o(.text)
    __user_libspace                          0x0800ca6d   Thumb Code     8  libspace.o(.text)
    __user_perproc_libspace                  0x0800ca6d   Thumb Code     0  libspace.o(.text)
    __user_perthread_libspace                0x0800ca6d   Thumb Code     0  libspace.o(.text)
    __user_setup_stackheap                   0x0800ca75   Thumb Code    74  sys_stackheap_outer.o(.text)
    exit                                     0x0800cabf   Thumb Code    12  exit.o(.text)
    strcmp                                   0x0800cacd   Thumb Code   128  strcmpv7m.o(.text)
    _btod_d2e                                0x0800cb4d   Thumb Code    62  btod.o(CL$$btod_d2e)
    _d2e_denorm_low                          0x0800cb8b   Thumb Code    70  btod.o(CL$$btod_d2e_denorm_low)
    _d2e_norm_op1                            0x0800cbd1   Thumb Code    96  btod.o(CL$$btod_d2e_norm_op1)
    __btod_div_common                        0x0800cc31   Thumb Code   696  btod.o(CL$$btod_div_common)
    _e2e                                     0x0800cf69   Thumb Code   198  btod.o(CL$$btod_e2e)
    _btod_ediv                               0x0800d02f   Thumb Code    40  btod.o(CL$$btod_ediv)
    _btod_emul                               0x0800d057   Thumb Code    40  btod.o(CL$$btod_emul)
    __btod_mult_common                       0x0800d07f   Thumb Code   580  btod.o(CL$$btod_mult_common)
    DoubleDiv                                0x0800d2c5   Thumb Code   432  fastmath.o(i.DoubleDiv)
    DoubleMul                                0x0800d479   Thumb Code   324  fastmath.o(i.DoubleMul)
    DoubleSub                                0x0800d5c1   Thumb Code   130  fastmath.o(i.DoubleSub)
    DoubleTodouble                           0x0800d643   Thumb Code    42  fastmath.o(i.DoubleTodouble)
    __ARM_fpclassify                         0x0800d66d   Thumb Code    40  fpclassify.o(i.__ARM_fpclassify)
    __kernel_poly                            0x0800d695   Thumb Code   170  poly.o(i.__kernel_poly)
    __mathlib_dbl_underflow                  0x0800d741   Thumb Code    10  dunder.o(i.__mathlib_dbl_underflow)
    asin                                     0x0800d751   Thumb Code   584  asin.o(i.asin)
    atan                                     0x0800d9cd   Thumb Code   478  atan.o(i.atan)
    atan2                                    0x0800dbf1   Thumb Code   346  atan2.o(i.atan2)
    doubleToDouble                           0x0800dd71   Thumb Code    56  fastmath.o(i.doubleToDouble)
    sqrt                                     0x0800dda9   Thumb Code    78  sqrt.o(i.sqrt)
    sqrtf                                    0x0800ddf7   Thumb Code    44  sqrtf.o(i.sqrtf)
    _get_lc_numeric                          0x0800de25   Thumb Code    44  lc_numeric_c.o(locale$$code)
    __aeabi_d2f                              0x0800de51   Thumb Code     0  d2f.o(x$fpl$d2f)
    _d2f                                     0x0800de51   Thumb Code    98  d2f.o(x$fpl$d2f)
    __aeabi_dadd                             0x0800deb5   Thumb Code     0  daddsub_clz.o(x$fpl$dadd)
    _dadd                                    0x0800deb5   Thumb Code   332  daddsub_clz.o(x$fpl$dadd)
    __fpl_dcheck_NaN1                        0x0800e005   Thumb Code    10  dcheck1.o(x$fpl$dcheck1)
    __fpl_dcmp_Inf                           0x0800e015   Thumb Code    24  dcmpi.o(x$fpl$dcmpinf)
    __aeabi_ddiv                             0x0800e02d   Thumb Code     0  ddiv.o(x$fpl$ddiv)
    _ddiv                                    0x0800e02d   Thumb Code   552  ddiv.o(x$fpl$ddiv)
    __aeabi_cdcmpeq                          0x0800e2dd   Thumb Code     0  deqf.o(x$fpl$deqf)
    _dcmpeq                                  0x0800e2dd   Thumb Code   120  deqf.o(x$fpl$deqf)
    __aeabi_d2iz                             0x0800e355   Thumb Code     0  dfix.o(x$fpl$dfix)
    _dfix                                    0x0800e355   Thumb Code    94  dfix.o(x$fpl$dfix)
    __aeabi_i2d                              0x0800e3b3   Thumb Code     0  dflt_clz.o(x$fpl$dflt)
    _dflt                                    0x0800e3b3   Thumb Code    46  dflt_clz.o(x$fpl$dflt)
    __aeabi_ui2d                             0x0800e3e1   Thumb Code     0  dflt_clz.o(x$fpl$dfltu)
    _dfltu                                   0x0800e3e1   Thumb Code    38  dflt_clz.o(x$fpl$dfltu)
    __aeabi_cdcmple                          0x0800e409   Thumb Code     0  dleqf.o(x$fpl$dleqf)
    _dcmple                                  0x0800e409   Thumb Code   120  dleqf.o(x$fpl$dleqf)
    __fpl_dcmple_InfNaN                      0x0800e46b   Thumb Code     0  dleqf.o(x$fpl$dleqf)
    __aeabi_dmul                             0x0800e481   Thumb Code     0  dmul.o(x$fpl$dmul)
    _dmul                                    0x0800e481   Thumb Code   332  dmul.o(x$fpl$dmul)
    __fpl_dnaninf                            0x0800e5d5   Thumb Code   156  dnaninf.o(x$fpl$dnaninf)
    __fpl_dretinf                            0x0800e671   Thumb Code    12  dretinf.o(x$fpl$dretinf)
    __aeabi_cdrcmple                         0x0800e67d   Thumb Code     0  drleqf.o(x$fpl$drleqf)
    _drcmple                                 0x0800e67d   Thumb Code   108  drleqf.o(x$fpl$drleqf)
    __aeabi_drsub                            0x0800e6e9   Thumb Code     0  daddsub_clz.o(x$fpl$drsb)
    _drsb                                    0x0800e6e9   Thumb Code    22  daddsub_clz.o(x$fpl$drsb)
    _dsqrt                                   0x0800e701   Thumb Code   456  dsqrt_noumaal.o(x$fpl$dsqrt)
    __aeabi_dsub                             0x0800e8cd   Thumb Code     0  daddsub_clz.o(x$fpl$dsub)
    _dsub                                    0x0800e8cd   Thumb Code   464  daddsub_clz.o(x$fpl$dsub)
    __aeabi_f2d                              0x0800eaa1   Thumb Code     0  f2d.o(x$fpl$f2d)
    _f2d                                     0x0800eaa1   Thumb Code    86  f2d.o(x$fpl$f2d)
    __aeabi_fadd                             0x0800eaf9   Thumb Code     0  faddsub_clz.o(x$fpl$fadd)
    _fadd                                    0x0800eaf9   Thumb Code   196  faddsub_clz.o(x$fpl$fadd)
    __fpl_fcmp_Inf                           0x0800ebbd   Thumb Code    24  fcmpi.o(x$fpl$fcmpinf)
    __aeabi_fdiv                             0x0800ebd5   Thumb Code     0  fdiv.o(x$fpl$fdiv)
    _fdiv                                    0x0800ebd5   Thumb Code   384  fdiv.o(x$fpl$fdiv)
    __aeabi_cfcmpeq                          0x0800ed59   Thumb Code     0  feqf.o(x$fpl$feqf)
    _fcmpeq                                  0x0800ed59   Thumb Code   104  feqf.o(x$fpl$feqf)
    __aeabi_f2iz                             0x0800edc1   Thumb Code     0  ffix.o(x$fpl$ffix)
    _ffix                                    0x0800edc1   Thumb Code    54  ffix.o(x$fpl$ffix)
    __aeabi_f2uiz                            0x0800edf9   Thumb Code     0  ffixu.o(x$fpl$ffixu)
    _ffixu                                   0x0800edf9   Thumb Code    62  ffixu.o(x$fpl$ffixu)
    __aeabi_i2f                              0x0800ee39   Thumb Code     0  fflt_clz.o(x$fpl$fflt)
    _fflt                                    0x0800ee39   Thumb Code    48  fflt_clz.o(x$fpl$fflt)
    __aeabi_ui2f                             0x0800ee69   Thumb Code     0  fflt_clz.o(x$fpl$ffltu)
    _ffltu                                   0x0800ee69   Thumb Code    38  fflt_clz.o(x$fpl$ffltu)
    __aeabi_cfcmple                          0x0800ee91   Thumb Code     0  fleqf.o(x$fpl$fleqf)
    _fcmple                                  0x0800ee91   Thumb Code   104  fleqf.o(x$fpl$fleqf)
    __fpl_fcmple_InfNaN                      0x0800eee3   Thumb Code     0  fleqf.o(x$fpl$fleqf)
    __aeabi_fmul                             0x0800eef9   Thumb Code     0  fmul.o(x$fpl$fmul)
    _fmul                                    0x0800eef9   Thumb Code   258  fmul.o(x$fpl$fmul)
    __fpl_fnaninf                            0x0800effb   Thumb Code   140  fnaninf.o(x$fpl$fnaninf)
    __fpl_fretinf                            0x0800f087   Thumb Code    10  fretinf.o(x$fpl$fretinf)
    __aeabi_cfrcmple                         0x0800f091   Thumb Code     0  frleqf.o(x$fpl$frleqf)
    _frcmple                                 0x0800f091   Thumb Code    98  frleqf.o(x$fpl$frleqf)
    __aeabi_frsub                            0x0800f0f3   Thumb Code     0  faddsub_clz.o(x$fpl$frsb)
    _frsb                                    0x0800f0f3   Thumb Code    20  faddsub_clz.o(x$fpl$frsb)
    _fsqrt                                   0x0800f109   Thumb Code   272  fsqrt.o(x$fpl$fsqrt)
    __aeabi_fsub                             0x0800f219   Thumb Code     0  faddsub_clz.o(x$fpl$fsub)
    _fsub                                    0x0800f219   Thumb Code   234  faddsub_clz.o(x$fpl$fsub)
    _printf_fp_dec                           0x0800f303   Thumb Code     4  printf1.o(x$fpl$printf1)
    __fpl_return_NaN                         0x0800f307   Thumb Code   100  retnan.o(x$fpl$retnan)
    __ARM_scalbn                             0x0800f36b   Thumb Code    92  scalbn.o(x$fpl$scalbn)
    __fpl_cmpreturn                          0x0800f3c7   Thumb Code    48  trapv.o(x$fpl$trapveneer)
    __I$use$fp                               0x0800f3f6   Number         0  usenofp.o(x$fpl$usenofp)
    sinTable                                 0x0800f3f8   Data        2052  fastmath.o(.constdata)
    __mathlib_zero                           0x0800fd70   Data           8  qnan.o(.constdata)
    Region$$Table$$Base                      0x0800fe0c   Number         0  anon$$obj.o(Region$$Table)
    Region$$Table$$Limit                     0x0800fe2c   Number         0  anon$$obj.o(Region$$Table)
    ADC2ConvertedValue                       0x20000000   Data           2  stm32f10x_it.o(.data)
    SystemCoreClock                          0x20000004   Data           4  system_stm32f10x.o(.data)
    AHBPrescTable                            0x20000008   Data          16  system_stm32f10x.o(.data)
    use_art                                  0x2000002c   Data           1  commander.o(.data)
    duty_cycle1                              0x2000002e   Data           2  commander.o(.data)
    duty_cycle2                              0x20000030   Data           2  commander.o(.data)
    duty_cycle3                              0x20000032   Data           2  commander.o(.data)
    duty_cycle4                              0x20000034   Data           2  commander.o(.data)
    dt_can1                                  0x20000036   Data           2  commander.o(.data)
    dt_can2                                  0x20000038   Data           2  commander.o(.data)
    dt_can3                                  0x2000003a   Data           2  commander.o(.data)
    dt_can4                                  0x2000003c   Data           2  commander.o(.data)
    duty_cymed1                              0x2000003e   Data           2  commander.o(.data)
    duty_cymed2                              0x20000040   Data           2  commander.o(.data)
    duty_cymed3                              0x20000042   Data           2  commander.o(.data)
    duty_cymed4                              0x20000044   Data           2  commander.o(.data)
    duty_cycle_flash                         0x20000046   Data           8  commander.o(.data)
    duty_ste_flag                            0x2000004e   Data           4  commander.o(.data)
    ste_flag1                                0x20000052   Data           2  commander.o(.data)
    ste_flag2                                0x20000054   Data           2  commander.o(.data)
    ste_flag3                                0x20000056   Data           2  commander.o(.data)
    ste_flag4                                0x20000058   Data           2  commander.o(.data)
    ste_status1                              0x2000005a   Data           1  commander.o(.data)
    ste_status2                              0x2000005b   Data           1  commander.o(.data)
    ste_status3                              0x2000005c   Data           1  commander.o(.data)
    ste_status4                              0x2000005d   Data           1  commander.o(.data)
    steering_current_counter                 0x2000005e   Data           4  commander.o(.data)
    steering_current_data                    0x20000062   Data           8  commander.o(.data)
    data_tx_len                              0x2000006a   Data           1  commander.o(.data)
    sw                                       0x2000006b   Data           4  commander.o(.data)
    chflag1                                  0x2000007c   Data           4  commander.o(.data)
    chflag2                                  0x20000080   Data           4  commander.o(.data)
    chflag3                                  0x20000084   Data           4  commander.o(.data)
    chflag4                                  0x20000088   Data           4  commander.o(.data)
    sum                                      0x20000094   Data           1  commander.o(.data)
    radar1_tf_data                           0x200000ac   Data           8  commander.o(.data)
    radar2_tf_data                           0x200000b4   Data           8  commander.o(.data)
    oa_data                                  0x200000bc   Data           8  commander.o(.data)
    __stdout                                 0x200000c4   Data           4  commander.o(.data)
    frameCounter                             0x200000d4   Data           2  delay.o(.data)
    Can_In_Count                             0x200000d6   Data           2  interrupt.o(.data)
    Can_Out_Count                            0x200000d8   Data           2  interrupt.o(.data)
    Can_Rx_Flag                              0x200000da   Data           1  interrupt.o(.data)
    IC2flag                                  0x200000e6   Data           6  interrupt.o(.data)
    Can_Msg_Send                             0x200000ef   Data           5  can.o(.data)
    Can_Msg_Receive                          0x200000f4   Data           5  can.o(.data)
    Can_Tx_Process_State                     0x200000f9   Data           1  can.o(.data)
    Can_Tx_Data                              0x200000fa   Data           8  can.o(.data)
    Can_Rx_Process_State                     0x20000102   Data           1  can.o(.data)
    FLASHStatus                              0x20000103   Data           1  flash_rw.o(.data)
    q0                                       0x20000104   Data           4  mpu_data.o(.data)
    q1                                       0x20000108   Data           4  mpu_data.o(.data)
    q2                                       0x2000010c   Data           4  mpu_data.o(.data)
    q3                                       0x20000110   Data           4  mpu_data.o(.data)
    gx                                       0x20000114   Data           4  mpu_data.o(.data)
    gy                                       0x20000118   Data           4  mpu_data.o(.data)
    gz                                       0x2000011c   Data           4  mpu_data.o(.data)
    ax0                                      0x20000120   Data           4  mpu_data.o(.data)
    ay0                                      0x20000124   Data           4  mpu_data.o(.data)
    az0                                      0x20000128   Data           4  mpu_data.o(.data)
    mx0                                      0x2000012c   Data           4  mpu_data.o(.data)
    my0                                      0x20000130   Data           4  mpu_data.o(.data)
    mz0                                      0x20000134   Data           4  mpu_data.o(.data)
    integralFBx                              0x20000138   Data           4  mpu_data.o(.data)
    integralFBy                              0x2000013c   Data           4  mpu_data.o(.data)
    integralFBz                              0x20000140   Data           4  mpu_data.o(.data)
    exInt                                    0x20000144   Data           4  mpu_data.o(.data)
    eyInt                                    0x20000148   Data           4  mpu_data.o(.data)
    ezInt                                    0x2000014c   Data           4  mpu_data.o(.data)
    halfT                                    0x20000150   Data           4  mpu_data.o(.data)
    sampleFreq                               0x20000154   Data           4  mpu_data.o(.data)
    whoami                                   0x20000158   Data           1  mpu_data.o(.data)
    acc_tau                                  0x2000015c   Data           4  mpu_data.o(.data)
    gro_tau                                  0x20000160   Data           4  mpu_data.o(.data)
    Yaw                                      0x20000174   Data           4  mpu_data.o(.data)
    Pitch                                    0x20000178   Data           4  mpu_data.o(.data)
    Rool                                     0x2000017c   Data           4  mpu_data.o(.data)
    sumj                                     0x20000180   Data           1  spi.o(.data)
    regpre                                   0x20000181   Data           1  spi.o(.data)
    acc_m                                    0x2000019c   Data           4  acc_calibration.o(.data)
    acc_n                                    0x200001a0   Data           4  acc_calibration.o(.data)
    ulNowTime                                0x200001a8   Data           4  imu_srckf.o(.data)
    ulLastTime                               0x200001ac   Data           4  imu_srckf.o(.data)
    fDeltaTime                               0x200001b0   Data           4  imu_srckf.o(.data)
    u32KFState                               0x200001b4   Data           4  imu_srckf.o(.data)
    ekf_ra                                   0x200001b8   Data           4  miniimu.o(.data)
    P                                        0x200001bc   Data          64  miniimu.o(.data)
    Q                                        0x200001fc   Data          64  miniimu.o(.data)
    R                                        0x2000023c   Data          36  miniimu.o(.data)
    duty_flash_write                         0x20000274   Data          16  commander.o(.bss)
    flash_write_flag                         0x20000284   Data          16  commander.o(.bss)
    steering_current_data_f                  0x20000294   Data          16  commander.o(.bss)
    data_tx_buf                              0x200002a4   Data         300  commander.o(.bss)
    prm                                      0x200003d0   Data          24  commander.o(.bss)
    can_send_oa_data                         0x200003e8   Data          20  commander.o(.bss)
    can_send_tf_data                         0x200003fc   Data          20  commander.o(.bss)
    can_rec_oa_data                          0x20000410   Data          20  commander.o(.bss)
    can_rec_tf_data                          0x20000424   Data          20  commander.o(.bss)
    radar1_oa_data                           0x20000438   Data          12  commander.o(.bss)
    radar2_oa_data                           0x20000444   Data          12  commander.o(.bss)
    TIME_FLAG                                0x20000450   Data          52  delay.o(.bss)
    USART1_MESSAGE                           0x20000484   Data         540  interrupt.o(.bss)
    USART2_MESSAGE                           0x200006a0   Data         540  interrupt.o(.bss)
    USART3_MESSAGE                           0x200008bc   Data         540  interrupt.o(.bss)
    UART5_MESSAGE                            0x20000ad8   Data         540  interrupt.o(.bss)
    USART1_RAW_MESSAGE                       0x20000cf4   Data         540  interrupt.o(.bss)
    USART2_RAW_MESSAGE                       0x20000f10   Data         540  interrupt.o(.bss)
    USART3_RAW_MESSAGE                       0x2000112c   Data         540  interrupt.o(.bss)
    Query_Message                            0x20001348   Data        1080  interrupt.o(.bss)
    Can_Rx_Data                              0x20001780   Data        3200  interrupt.o(.bss)
    IC2Value                                 0x20002400   Data          12  interrupt.o(.bss)
    Frequency                                0x2000240c   Data          24  interrupt.o(.bss)
    Frequency_pre                            0x20002424   Data          24  interrupt.o(.bss)
    Can_Msg_Tx                               0x2000243c   Data         316  can.o(.bss)
    Can_Msg_Rx                               0x20002578   Data         316  can.o(.bss)
    Can_Msg_Tx_Data                          0x200026b4   Data         303  can.o(.bss)
    Can_Msg_Rx_Data                          0x200027e3   Data         303  can.o(.bss)
    buf                                      0x20002912   Data         300  can.o(.bss)
    gyro_scale_zero                          0x20002a40   Data          16  mpu_data.o(.bss)
    gyro_scale_zero_0                        0x20002a50   Data          16  mpu_data.o(.bss)
    acc_scale_zero                           0x20002a60   Data          28  mpu_data.o(.bss)
    acc_fiter_x                              0x20002a7c   Data          12  mpu_data.o(.bss)
    acc_fiter_y                              0x20002a88   Data          12  mpu_data.o(.bss)
    acc_fiter_z                              0x20002a94   Data          12  mpu_data.o(.bss)
    gro_fiter_x                              0x20002aa0   Data          12  mpu_data.o(.bss)
    gro_fiter_y                              0x20002aac   Data          12  mpu_data.o(.bss)
    gro_fiter_z                              0x20002ab8   Data          12  mpu_data.o(.bss)
    mpu_value                                0x20002ac4   Data          18  spi.o(.bss)
    mpu_value_f                              0x20002ad8   Data          40  spi.o(.bss)
    m_matrix                                 0x20002b00   Data         448  acc_calibration.o(.bss)
    m_result                                 0x20002cc0   Data          56  acc_calibration.o(.bss)
    fRealGyro                                0x20002cf8   Data          12  imu_srckf.o(.bss)
    fRealAccel                               0x20002d04   Data          12  imu_srckf.o(.bss)
    lQuat                                    0x20002d10   Data          16  imu_srckf.o(.bss)
    fRPY                                     0x20002d20   Data          12  imu_srckf.o(.bss)
    fQ                                       0x20002d2c   Data          16  imu_srckf.o(.bss)
    F                                        0x20002d3c   Data          64  miniimu.o(.bss)
    H                                        0x20002d7c   Data          48  miniimu.o(.bss)
    X                                        0x20002dac   Data          16  miniimu.o(.bss)
    KY                                       0x20002dbc   Data          16  miniimu.o(.bss)
    Y                                        0x20002dcc   Data          12  miniimu.o(.bss)
    CBn                                      0x20002dd8   Data          36  miniimu.o(.bss)
    PX                                       0x20002dfc   Data          64  miniimu.o(.bss)
    PXX                                      0x20002e3c   Data          64  miniimu.o(.bss)
    PXY                                      0x20002e7c   Data          48  miniimu.o(.bss)
    K                                        0x20002eac   Data          48  miniimu.o(.bss)
    S                                        0x20002edc   Data          36  miniimu.o(.bss)
    __libspace_start                         0x20002f00   Data          96  libspace.o(.bss)
    __temporary_stack_top$libspace           0x20002f60   Data           0  libspace.o(.bss)



==============================================================================

Memory Map of the image

  Image Entry point : 0x08000131

  Load Region LR_IROM1 (Base: 0x08000000, Size: 0x000100bc, Max: 0x00040000, ABSOLUTE, COMPRESSED[0x0000feb8])

    Execution Region ER_IROM1 (Base: 0x08000000, Size: 0x0000fe48, Max: 0x00040000, ABSOLUTE)

    Base Addr    Size         Type   Attr      Idx    E Section Name        Object

    0x08000000   0x00000130   Data   RO          138    RESET               startup_stm32f10x_hd.o
    0x08000130   0x00000008   Code   RO          933  * !!!main             c_w.l(__main.o)
    0x08000138   0x00000034   Code   RO         1294    !!!scatter          c_w.l(__scatter.o)
    0x0800016c   0x0000005a   Code   RO         1292    !!dczerorl2         c_w.l(__dczerorl2.o)
    0x080001c6   0x00000002   PAD
    0x080001c8   0x0000001c   Code   RO         1296    !!handler_zi        c_w.l(__scatter_zi.o)
    0x080001e4   0x00000000   Code   RO          924    .ARM.Collect$$_printf_percent$$00000000  c_w.l(_printf_percent.o)
    0x080001e4   0x00000006   Code   RO          923    .ARM.Collect$$_printf_percent$$00000003  c_w.l(_printf_f.o)
    0x080001ea   0x00000006   Code   RO          922    .ARM.Collect$$_printf_percent$$00000009  c_w.l(_printf_d.o)
    0x080001f0   0x00000004   Code   RO         1046    .ARM.Collect$$_printf_percent$$00000017  c_w.l(_printf_percent_end.o)
    0x080001f4   0x00000002   Code   RO         1168    .ARM.Collect$$libinit$$00000000  c_w.l(libinit.o)
    0x080001f6   0x00000000   Code   RO         1170    .ARM.Collect$$libinit$$00000002  c_w.l(libinit2.o)
    0x080001f6   0x00000000   Code   RO         1173    .ARM.Collect$$libinit$$00000008  c_w.l(libinit2.o)
    0x080001f6   0x00000000   Code   RO         1175    .ARM.Collect$$libinit$$0000000A  c_w.l(libinit2.o)
    0x080001f6   0x00000000   Code   RO         1177    .ARM.Collect$$libinit$$0000000C  c_w.l(libinit2.o)
    0x080001f6   0x00000006   Code   RO         1178    .ARM.Collect$$libinit$$0000000D  c_w.l(libinit2.o)
    0x080001fc   0x00000000   Code   RO         1180    .ARM.Collect$$libinit$$0000000F  c_w.l(libinit2.o)
    0x080001fc   0x00000000   Code   RO         1182    .ARM.Collect$$libinit$$00000011  c_w.l(libinit2.o)
    0x080001fc   0x00000000   Code   RO         1184    .ARM.Collect$$libinit$$00000013  c_w.l(libinit2.o)
    0x080001fc   0x0000000a   Code   RO         1185    .ARM.Collect$$libinit$$00000014  c_w.l(libinit2.o)
    0x08000206   0x00000000   Code   RO         1186    .ARM.Collect$$libinit$$00000015  c_w.l(libinit2.o)
    0x08000206   0x00000000   Code   RO         1188    .ARM.Collect$$libinit$$00000017  c_w.l(libinit2.o)
    0x08000206   0x00000000   Code   RO         1190    .ARM.Collect$$libinit$$00000019  c_w.l(libinit2.o)
    0x08000206   0x00000000   Code   RO         1192    .ARM.Collect$$libinit$$0000001B  c_w.l(libinit2.o)
    0x08000206   0x00000000   Code   RO         1194    .ARM.Collect$$libinit$$0000001D  c_w.l(libinit2.o)
    0x08000206   0x00000000   Code   RO         1196    .ARM.Collect$$libinit$$0000001F  c_w.l(libinit2.o)
    0x08000206   0x00000000   Code   RO         1198    .ARM.Collect$$libinit$$00000021  c_w.l(libinit2.o)
    0x08000206   0x00000000   Code   RO         1200    .ARM.Collect$$libinit$$00000023  c_w.l(libinit2.o)
    0x08000206   0x00000000   Code   RO         1204    .ARM.Collect$$libinit$$0000002A  c_w.l(libinit2.o)
    0x08000206   0x00000000   Code   RO         1206    .ARM.Collect$$libinit$$0000002C  c_w.l(libinit2.o)
    0x08000206   0x00000000   Code   RO         1208    .ARM.Collect$$libinit$$0000002E  c_w.l(libinit2.o)
    0x08000206   0x00000000   Code   RO         1210    .ARM.Collect$$libinit$$00000030  c_w.l(libinit2.o)
    0x08000206   0x00000002   Code   RO         1211    .ARM.Collect$$libinit$$00000031  c_w.l(libinit2.o)
    0x08000208   0x00000002   Code   RO         1243    .ARM.Collect$$libshutdown$$00000000  c_w.l(libshutdown.o)
    0x0800020a   0x00000000   Code   RO         1253    .ARM.Collect$$libshutdown$$00000003  c_w.l(libshutdown2.o)
    0x0800020a   0x00000000   Code   RO         1256    .ARM.Collect$$libshutdown$$00000006  c_w.l(libshutdown2.o)
    0x0800020a   0x00000000   Code   RO         1259    .ARM.Collect$$libshutdown$$00000009  c_w.l(libshutdown2.o)
    0x0800020a   0x00000000   Code   RO         1261    .ARM.Collect$$libshutdown$$0000000B  c_w.l(libshutdown2.o)
    0x0800020a   0x00000000   Code   RO         1264    .ARM.Collect$$libshutdown$$0000000E  c_w.l(libshutdown2.o)
    0x0800020a   0x00000002   Code   RO         1265    .ARM.Collect$$libshutdown$$0000000F  c_w.l(libshutdown2.o)
    0x0800020c   0x00000000   Code   RO         1037    .ARM.Collect$$rtentry$$00000000  c_w.l(rtentry.o)
    0x0800020c   0x00000000   Code   RO         1086    .ARM.Collect$$rtentry$$00000002  c_w.l(rtentry2.o)
    0x0800020c   0x00000006   Code   RO         1098    .ARM.Collect$$rtentry$$00000004  c_w.l(rtentry4.o)
    0x08000212   0x00000000   Code   RO         1088    .ARM.Collect$$rtentry$$00000009  c_w.l(rtentry2.o)
    0x08000212   0x00000004   Code   RO         1089    .ARM.Collect$$rtentry$$0000000A  c_w.l(rtentry2.o)
    0x08000216   0x00000000   Code   RO         1091    .ARM.Collect$$rtentry$$0000000C  c_w.l(rtentry2.o)
    0x08000216   0x00000008   Code   RO         1092    .ARM.Collect$$rtentry$$0000000D  c_w.l(rtentry2.o)
    0x0800021e   0x00000002   Code   RO         1214    .ARM.Collect$$rtexit$$00000000  c_w.l(rtexit.o)
    0x08000220   0x00000000   Code   RO         1223    .ARM.Collect$$rtexit$$00000002  c_w.l(rtexit2.o)
    0x08000220   0x00000004   Code   RO         1224    .ARM.Collect$$rtexit$$00000003  c_w.l(rtexit2.o)
    0x08000224   0x00000006   Code   RO         1225    .ARM.Collect$$rtexit$$00000004  c_w.l(rtexit2.o)
    0x0800022a   0x00000002   PAD
    0x0800022c   0x00000030   Code   RO           17    .text               stm32f10x_it.o
    0x0800025c   0x000001dc   Code   RO          118    .text               system_stm32f10x.o
    0x08000438   0x00000040   Code   RO          139    .text               startup_stm32f10x_hd.o
    0x08000478   0x00000158   Code   RO          143    .text               ad.o
    0x080005d0   0x00001c88   Code   RO          159    .text               commander.o
    0x08002258   0x00000224   Code   RO          232    .text               delay.o
    0x0800247c   0x000009d4   Code   RO          251    .text               init.o
    0x08002e50   0x00000f58   Code   RO          267    .text               interrupt.o
    0x08003da8   0x0000015c   Code   RO          298    .text               main.o
    0x08003f04   0x000000e0   Code   RO          329    .text               flash_rw.o
    0x08003fe4   0x00001678   Code   RO          344    .text               mpu_data.o
    0x0800565c   0x000008ac   Code   RO          363    .text               spi.o
    0x08005f08   0x00000f48   Code   RO          382    .text               acc_calibration.o
    0x08006e50   0x00000f44   Code   RO          401    .text               fastmath.o
    0x08007d94   0x00000258   Code   RO          454    .text               imu_srckf.o
    0x08007fec   0x000009b8   Code   RO          571    .text               miniimu.o
    0x080089a4   0x000006ac   Code   RO          591    .text               minimatrix.o
    0x08009050   0x000000dc   Code   RO          612    .text               misc.o
    0x0800912c   0x0000044e   Code   RO          624    .text               stm32f10x_adc.o
    0x0800957a   0x00000002   PAD
    0x0800957c   0x000009e8   Code   RO          648    .text               stm32f10x_can.o
    0x08009f64   0x000005bc   Code   RO          732    .text               stm32f10x_flash.o
    0x0800a520   0x00000358   Code   RO          756    .text               stm32f10x_gpio.o
    0x0800a878   0x00000040   Code   RO          780    .text               stm32f10x_iwdg.o
    0x0800a8b8   0x000003a4   Code   RO          804    .text               stm32f10x_rcc.o
    0x0800ac5c   0x0000030c   Code   RO          842    .text               stm32f10x_spi.o
    0x0800af68   0x00000e1a   Code   RO          854    .text               stm32f10x_tim.o
    0x0800bd82   0x00000002   PAD
    0x0800bd84   0x00000408   Code   RO          866    .text               stm32f10x_usart.o
    0x0800c18c   0x00000002   Code   RO          892    .text               c_w.l(use_no_semi_2.o)
    0x0800c18e   0x00000002   PAD
    0x0800c190   0x00000018   Code   RO          896    .text               c_w.l(noretval__2printf.o)
    0x0800c1a8   0x00000068   Code   RO          898    .text               c_w.l(__printf.o)
    0x0800c210   0x00000078   Code   RO          900    .text               c_w.l(_printf_dec.o)
    0x0800c288   0x00000044   Code   RO          927    .text               c_w.l(rt_memclr.o)
    0x0800c2cc   0x0000004e   Code   RO          929    .text               c_w.l(rt_memclr_w.o)
    0x0800c31a   0x00000006   Code   RO          931    .text               c_w.l(heapauxi.o)
    0x0800c320   0x00000002   Code   RO         1035    .text               c_w.l(use_no_semi.o)
    0x0800c322   0x00000016   Code   RO         1038    .text               c_w.l(_rserrno.o)
    0x0800c338   0x000000b8   Code   RO         1040    .text               c_w.l(_printf_intcommon.o)
    0x0800c3f0   0x00000420   Code   RO         1042    .text               c_w.l(_printf_fp_dec.o)
    0x0800c810   0x00000024   Code   RO         1044    .text               c_w.l(_printf_char_file.o)
    0x0800c834   0x00000008   Code   RO         1103    .text               c_w.l(rt_locale_intlibspace.o)
    0x0800c83c   0x00000008   Code   RO         1108    .text               c_w.l(rt_errno_addr_intlibspace.o)
    0x0800c844   0x0000008a   Code   RO         1110    .text               c_w.l(lludiv10.o)
    0x0800c8ce   0x00000002   PAD
    0x0800c8d0   0x00000030   Code   RO         1112    .text               c_w.l(_printf_char_common.o)
    0x0800c900   0x00000080   Code   RO         1114    .text               c_w.l(_printf_fp_infnan.o)
    0x0800c980   0x000000e4   Code   RO         1116    .text               c_w.l(bigflt0.o)
    0x0800ca64   0x00000008   Code   RO         1141    .text               c_w.l(ferror.o)
    0x0800ca6c   0x00000008   Code   RO         1152    .text               c_w.l(libspace.o)
    0x0800ca74   0x0000004a   Code   RO         1155    .text               c_w.l(sys_stackheap_outer.o)
    0x0800cabe   0x0000000c   Code   RO         1159    .text               c_w.l(exit.o)
    0x0800caca   0x00000002   PAD
    0x0800cacc   0x00000080   Code   RO         1161    .text               c_w.l(strcmpv7m.o)
    0x0800cb4c   0x0000003e   Code   RO         1119    CL$$btod_d2e        c_w.l(btod.o)
    0x0800cb8a   0x00000046   Code   RO         1121    CL$$btod_d2e_denorm_low  c_w.l(btod.o)
    0x0800cbd0   0x00000060   Code   RO         1120    CL$$btod_d2e_norm_op1  c_w.l(btod.o)
    0x0800cc30   0x00000338   Code   RO         1129    CL$$btod_div_common  c_w.l(btod.o)
    0x0800cf68   0x000000c6   Code   RO         1126    CL$$btod_e2e        c_w.l(btod.o)
    0x0800d02e   0x00000028   Code   RO         1123    CL$$btod_ediv       c_w.l(btod.o)
    0x0800d056   0x00000028   Code   RO         1122    CL$$btod_emul       c_w.l(btod.o)
    0x0800d07e   0x00000244   Code   RO         1128    CL$$btod_mult_common  c_w.l(btod.o)
    0x0800d2c2   0x00000002   PAD
    0x0800d2c4   0x000001b4   Code   RO          437    i.DoubleDiv         fastmath.o
    0x0800d478   0x00000148   Code   RO          431    i.DoubleMul         fastmath.o
    0x0800d5c0   0x00000082   Code   RO          425    i.DoubleSub         fastmath.o
    0x0800d642   0x0000002a   Code   RO          419    i.DoubleTodouble    fastmath.o
    0x0800d66c   0x00000028   Code   RO         1080    i.__ARM_fpclassify  m_ws.l(fpclassify.o)
    0x0800d694   0x000000aa   Code   RO         1082    i.__kernel_poly     m_ws.l(poly.o)
    0x0800d73e   0x00000002   PAD
    0x0800d740   0x00000010   Code   RO         1078    i.__mathlib_dbl_underflow  m_ws.l(dunder.o)
    0x0800d750   0x0000027c   Code   RO         1002    i.asin              m_ws.l(asin.o)
    0x0800d9cc   0x00000224   Code   RO         1069    i.atan              m_ws.l(atan.o)
    0x0800dbf0   0x00000180   Code   RO         1012    i.atan2             m_ws.l(atan2.o)
    0x0800dd70   0x00000038   Code   RO          413    i.doubleToDouble    fastmath.o
    0x0800dda8   0x0000004e   Code   RO         1020    i.sqrt              m_ws.l(sqrt.o)
    0x0800ddf6   0x0000002c   Code   RO         1028    i.sqrtf             m_ws.l(sqrtf.o)
    0x0800de22   0x00000002   PAD
    0x0800de24   0x0000002c   Code   RO         1146    locale$$code        c_w.l(lc_numeric_c.o)
    0x0800de50   0x00000062   Code   RO          935    x$fpl$d2f           fz_ws.l(d2f.o)
    0x0800deb2   0x00000002   PAD
    0x0800deb4   0x00000150   Code   RO          937    x$fpl$dadd          fz_ws.l(daddsub_clz.o)
    0x0800e004   0x00000010   Code   RO         1148    x$fpl$dcheck1       fz_ws.l(dcheck1.o)
    0x0800e014   0x00000018   Code   RO         1049    x$fpl$dcmpinf       fz_ws.l(dcmpi.o)
    0x0800e02c   0x000002b0   Code   RO          944    x$fpl$ddiv          fz_ws.l(ddiv.o)
    0x0800e2dc   0x00000078   Code   RO          947    x$fpl$deqf          fz_ws.l(deqf.o)
    0x0800e354   0x0000005e   Code   RO          949    x$fpl$dfix          fz_ws.l(dfix.o)
    0x0800e3b2   0x0000002e   Code   RO          954    x$fpl$dflt          fz_ws.l(dflt_clz.o)
    0x0800e3e0   0x00000026   Code   RO          953    x$fpl$dfltu         fz_ws.l(dflt_clz.o)
    0x0800e406   0x00000002   PAD
    0x0800e408   0x00000078   Code   RO          959    x$fpl$dleqf         fz_ws.l(dleqf.o)
    0x0800e480   0x00000154   Code   RO          961    x$fpl$dmul          fz_ws.l(dmul.o)
    0x0800e5d4   0x0000009c   Code   RO         1051    x$fpl$dnaninf       fz_ws.l(dnaninf.o)
    0x0800e670   0x0000000c   Code   RO         1053    x$fpl$dretinf       fz_ws.l(dretinf.o)
    0x0800e67c   0x0000006c   Code   RO          963    x$fpl$drleqf        fz_ws.l(drleqf.o)
    0x0800e6e8   0x00000016   Code   RO          938    x$fpl$drsb          fz_ws.l(daddsub_clz.o)
    0x0800e6fe   0x00000002   PAD
    0x0800e700   0x000001cc   Code   RO         1055    x$fpl$dsqrt         fz_ws.l(dsqrt_noumaal.o)
    0x0800e8cc   0x000001d4   Code   RO          939    x$fpl$dsub          fz_ws.l(daddsub_clz.o)
    0x0800eaa0   0x00000056   Code   RO          965    x$fpl$f2d           fz_ws.l(f2d.o)
    0x0800eaf6   0x00000002   PAD
    0x0800eaf8   0x000000c4   Code   RO          967    x$fpl$fadd          fz_ws.l(faddsub_clz.o)
    0x0800ebbc   0x00000018   Code   RO         1057    x$fpl$fcmpinf       fz_ws.l(fcmpi.o)
    0x0800ebd4   0x00000184   Code   RO          974    x$fpl$fdiv          fz_ws.l(fdiv.o)
    0x0800ed58   0x00000068   Code   RO          977    x$fpl$feqf          fz_ws.l(feqf.o)
    0x0800edc0   0x00000036   Code   RO          979    x$fpl$ffix          fz_ws.l(ffix.o)
    0x0800edf6   0x00000002   PAD
    0x0800edf8   0x0000003e   Code   RO          983    x$fpl$ffixu         fz_ws.l(ffixu.o)
    0x0800ee36   0x00000002   PAD
    0x0800ee38   0x00000030   Code   RO          988    x$fpl$fflt          fz_ws.l(fflt_clz.o)
    0x0800ee68   0x00000026   Code   RO          987    x$fpl$ffltu         fz_ws.l(fflt_clz.o)
    0x0800ee8e   0x00000002   PAD
    0x0800ee90   0x00000068   Code   RO          993    x$fpl$fleqf         fz_ws.l(fleqf.o)
    0x0800eef8   0x00000102   Code   RO          995    x$fpl$fmul          fz_ws.l(fmul.o)
    0x0800effa   0x0000008c   Code   RO         1059    x$fpl$fnaninf       fz_ws.l(fnaninf.o)
    0x0800f086   0x0000000a   Code   RO         1061    x$fpl$fretinf       fz_ws.l(fretinf.o)
    0x0800f090   0x00000062   Code   RO          997    x$fpl$frleqf        fz_ws.l(frleqf.o)
    0x0800f0f2   0x00000014   Code   RO          968    x$fpl$frsb          fz_ws.l(faddsub_clz.o)
    0x0800f106   0x00000002   PAD
    0x0800f108   0x00000110   Code   RO         1063    x$fpl$fsqrt         fz_ws.l(fsqrt.o)
    0x0800f218   0x000000ea   Code   RO          969    x$fpl$fsub          fz_ws.l(faddsub_clz.o)
    0x0800f302   0x00000004   Code   RO          999    x$fpl$printf1       fz_ws.l(printf1.o)
    0x0800f306   0x00000064   Code   RO         1212    x$fpl$retnan        fz_ws.l(retnan.o)
    0x0800f36a   0x0000005c   Code   RO         1065    x$fpl$scalbn        fz_ws.l(scalbn.o)
    0x0800f3c6   0x00000030   Code   RO         1220    x$fpl$trapveneer    fz_ws.l(trapv.o)
    0x0800f3f6   0x00000000   Code   RO         1067    x$fpl$usenofp       fz_ws.l(usenofp.o)
    0x0800f3f6   0x00000002   PAD
    0x0800f3f8   0x00000880   Data   RO          402    .constdata          fastmath.o
    0x0800fc78   0x0000000c   Data   RO          573    .constdata          miniimu.o
    0x0800fc84   0x00000004   PAD
    0x0800fc88   0x00000050   Data   RO         1003    .constdata          m_ws.l(asin.o)
    0x0800fcd8   0x00000098   Data   RO         1070    .constdata          m_ws.l(atan.o)
    0x0800fd70   0x00000008   Data   RO         1084    .constdata          m_ws.l(qnan.o)
    0x0800fd78   0x00000094   Data   RO         1117    .constdata          c_w.l(bigflt0.o)
    0x0800fe0c   0x00000020   Data   RO         1290    Region$$Table       anon$$obj.o
    0x0800fe2c   0x0000001c   Data   RO         1145    locale$$data        c_w.l(lc_numeric_c.o)


    Execution Region RW_IRAM1 (Base: 0x20000000, Size: 0x00003560, Max: 0x0000c000, ABSOLUTE, COMPRESSED[0x00000070])

    Base Addr    Size         Type   Attr      Idx    E Section Name        Object

    0x20000000   0x00000002   Data   RW           18    .data               stm32f10x_it.o
    0x20000002   0x00000002   PAD
    0x20000004   0x00000014   Data   RW          119    .data               system_stm32f10x.o
    0x20000018   0x00000014   Data   RW          144    .data               ad.o
    0x2000002c   0x0000009c   Data   RW          161    .data               commander.o
    0x200000c8   0x0000000e   Data   RW          234    .data               delay.o
    0x200000d6   0x00000016   Data   RW          269    .data               interrupt.o
    0x200000ec   0x00000017   Data   RW          312    .data               can.o
    0x20000103   0x00000001   Data   RW          330    .data               flash_rw.o
    0x20000104   0x0000007c   Data   RW          346    .data               mpu_data.o
    0x20000180   0x0000001a   Data   RW          365    .data               spi.o
    0x2000019a   0x00000002   PAD
    0x2000019c   0x0000000c   Data   RW          384    .data               acc_calibration.o
    0x200001a8   0x00000010   Data   RW          456    .data               imu_srckf.o
    0x200001b8   0x000000a8   Data   RW          574    .data               miniimu.o
    0x20000260   0x00000014   Data   RW          805    .data               stm32f10x_rcc.o
    0x20000274   0x000001dc   Zero   RW          160    .bss                commander.o
    0x20000450   0x00000034   Zero   RW          233    .bss                delay.o
    0x20000484   0x00001fb8   Zero   RW          268    .bss                interrupt.o
    0x2000243c   0x00000602   Zero   RW          311    .bss                can.o
    0x20002a3e   0x00000002   PAD
    0x20002a40   0x00000084   Zero   RW          345    .bss                mpu_data.o
    0x20002ac4   0x0000003c   Zero   RW          364    .bss                spi.o
    0x20002b00   0x000001f8   Zero   RW          383    .bss                acc_calibration.o
    0x20002cf8   0x00000044   Zero   RW          455    .bss                imu_srckf.o
    0x20002d3c   0x000001c4   Zero   RW          572    .bss                miniimu.o
    0x20002f00   0x00000060   Zero   RW         1153    .bss                c_w.l(libspace.o)
    0x20002f60   0x00000200   Zero   RW          137    HEAP                startup_stm32f10x_hd.o
    0x20003160   0x00000400   Zero   RW          136    STACK               startup_stm32f10x_hd.o


==============================================================================

Image component sizes


      Code (inc. data)   RO Data    RW Data    ZI Data      Debug   Object Name

      3912        118          0         12        504       5396   acc_calibration.o
       344         36          0         20          0       1408   ad.o
         0          0          0         23       1538       4749   can.o
      7304        866          0        156        476      11941   commander.o
         0          0          0          0          0       4244   core_cm3.o
       548         32          0         14         52       3479   delay.o
      4900        266       2176          0          0      11215   fastmath.o
       224          8          0          1          0       1733   flash_rw.o
       600         84          0         16         68       1511   imu_srckf.o
      2516         92          0          0          0      20194   init.o
      3928        204          0         22       8120       6253   interrupt.o
       348         72          0          0          0        515   main.o
      2488        124         12        168        452       3197   miniimu.o
      1708          0          0          0          0       5766   minimatrix.o
       220         20          0          0          0       1781   misc.o
      5752        408          0        124        132       8186   mpu_data.o
      2220        100          0         26         60       6130   spi.o
        64         26        304          0       1536        756   startup_stm32f10x_hd.o
      1102         26          0          0          0      10809   stm32f10x_adc.o
      2536         36          0          0          0       7828   stm32f10x_can.o
      1468         34          0          0          0       8010   stm32f10x_flash.o
       856         40          0          0          0       5621   stm32f10x_gpio.o
        48         10          0          2          0     280365   stm32f10x_it.o
        64          6          0          0          0       1249   stm32f10x_iwdg.o
       932         44          0         20          0       8764   stm32f10x_rcc.o
       780         14          0          0          0       6506   stm32f10x_spi.o
      3610         88          0          0          0      22108   stm32f10x_tim.o
      1032         22          0          0          0       8352   stm32f10x_usart.o
       476         36          0         20          0       1671   system_stm32f10x.o

    ----------------------------------------------------------------------
     49984       2812       2528        628      12940     459737   Object Totals
         0          0         32          0          0          0   (incl. Generated)
         4          0          4          4          2          0   (incl. Padding)

    ----------------------------------------------------------------------

      Code (inc. data)   RO Data    RW Data    ZI Data      Debug   Library Member Name

        90          0          0          0          0          0   __dczerorl2.o
         8          0          0          0          0         68   __main.o
       104          0          0          0          0         84   __printf.o
        52          8          0          0          0          0   __scatter.o
        28          0          0          0          0          0   __scatter_zi.o
        48          6          0          0          0         96   _printf_char_common.o
        36          4          0          0          0         80   _printf_char_file.o
         6          0          0          0          0          0   _printf_d.o
       120         18          0          0          0         92   _printf_dec.o
         6          0          0          0          0          0   _printf_f.o
      1056          0          0          0          0        212   _printf_fp_dec.o
       128         16          0          0          0         84   _printf_fp_infnan.o
       184          0          0          0          0         88   _printf_intcommon.o
         0          0          0          0          0          0   _printf_percent.o
         4          0          0          0          0          0   _printf_percent_end.o
        22          0          0          0          0        100   _rserrno.o
       228          6        148          0          0         96   bigflt0.o
      1910        128          0          0          0        672   btod.o
        12          0          0          0          0         72   exit.o
         8          0          0          0          0         68   ferror.o
         6          0          0          0          0        152   heapauxi.o
        44         10         28          0          0         76   lc_numeric_c.o
         2          0          0          0          0          0   libinit.o
        18          0          0          0          0          0   libinit2.o
         2          0          0          0          0          0   libshutdown.o
         2          0          0          0          0          0   libshutdown2.o
         8          4          0          0         96         68   libspace.o
       138          0          0          0          0         80   lludiv10.o
        24          4          0          0          0         84   noretval__2printf.o
         8          4          0          0          0         68   rt_errno_addr_intlibspace.o
         8          4          0          0          0         68   rt_locale_intlibspace.o
        68          0          0          0          0         68   rt_memclr.o
        78          0          0          0          0         80   rt_memclr_w.o
         0          0          0          0          0          0   rtentry.o
        12          0          0          0          0          0   rtentry2.o
         6          0          0          0          0          0   rtentry4.o
         2          0          0          0          0          0   rtexit.o
        10          0          0          0          0          0   rtexit2.o
       128          0          0          0          0         68   strcmpv7m.o
        74          0          0          0          0         80   sys_stackheap_outer.o
         2          0          0          0          0         68   use_no_semi.o
         2          0          0          0          0         68   use_no_semi_2.o
        98          4          0          0          0         92   d2f.o
       826         16          0          0          0        356   daddsub_clz.o
        16          4          0          0          0         68   dcheck1.o
        24          0          0          0          0         68   dcmpi.o
       688        140          0          0          0        212   ddiv.o
       120          4          0          0          0         92   deqf.o
        94          4          0          0          0         92   dfix.o
        84          0          0          0          0        136   dflt_clz.o
       120          4          0          0          0         92   dleqf.o
       340         12          0          0          0        104   dmul.o
       156          4          0          0          0         92   dnaninf.o
        12          0          0          0          0         68   dretinf.o
       108          0          0          0          0         80   drleqf.o
       460         56          0          0          0        120   dsqrt_noumaal.o
        86          4          0          0          0         84   f2d.o
       450          8          0          0          0        236   faddsub_clz.o
        24          0          0          0          0         68   fcmpi.o
       388         76          0          0          0         96   fdiv.o
       104          4          0          0          0         84   feqf.o
        54          4          0          0          0         84   ffix.o
        62          4          0          0          0         84   ffixu.o
        86          0          0          0          0        136   fflt_clz.o
       104          4          0          0          0         84   fleqf.o
       258          4          0          0          0         84   fmul.o
       140          4          0          0          0         84   fnaninf.o
        10          0          0          0          0         68   fretinf.o
        98          0          0          0          0         68   frleqf.o
       272        100          0          0          0         88   fsqrt.o
         4          0          0          0          0         68   printf1.o
       100          0          0          0          0         68   retnan.o
        92          0          0          0          0         68   scalbn.o
        48          0          0          0          0         68   trapv.o
         0          0          0          0          0          0   usenofp.o
       636         52         80          0          0        168   asin.o
       548         70        152          0          0        124   atan.o
       384         38          0          0          0        144   atan2.o
        16          6          0          0          0         68   dunder.o
        40          0          0          0          0         68   fpclassify.o
       170          0          0          0          0         96   poly.o
         0          0          8          0          0          0   qnan.o
        78          0          0          0          0         84   sqrt.o
        44          0          0          0          0         80   sqrtf.o

    ----------------------------------------------------------------------
     12168        838        416          0         96       6964   Library Totals
        34          0          0          0          0          0   (incl. Padding)

    ----------------------------------------------------------------------

      Code (inc. data)   RO Data    RW Data    ZI Data      Debug   Library Name

      4692        212        176          0         96       2840   c_w.l
      5526        460          0          0          0       3292   fz_ws.l
      1916        166        240          0          0        832   m_ws.l

    ----------------------------------------------------------------------
     12168        838        416          0         96       6964   Library Totals

    ----------------------------------------------------------------------

==============================================================================


      Code (inc. data)   RO Data    RW Data    ZI Data      Debug   

     62152       3650       2944        628      13036     459629   Grand Totals
     62152       3650       2944        112      13036     459629   ELF Image Totals (compressed)
     62152       3650       2944        112          0          0   ROM Totals

==============================================================================

    Total RO  Size (Code + RO Data)                65096 (  63.57kB)
    Total RW  Size (RW Data + ZI Data)             13664 (  13.34kB)
    Total ROM Size (Code + RO Data + RW Data)      65208 (  63.68kB)

==============================================================================

